Component: ARM Compiler 5.06 update 5 (build 528) Tool: armlink [4d35e2]

==============================================================================

Section Cross References

    startup_stm32f103xe.o(STACK) refers (Special) to heapauxi.o(.text) for __use_two_region_memory
    startup_stm32f103xe.o(HEAP) refers (Special) to heapauxi.o(.text) for __use_two_region_memory
    startup_stm32f103xe.o(RESET) refers (Special) to heapauxi.o(.text) for __use_two_region_memory
    startup_stm32f103xe.o(RESET) refers to startup_stm32f103xe.o(STACK) for __initial_sp
    startup_stm32f103xe.o(RESET) refers to startup_stm32f103xe.o(.text) for Reset_Handler
    startup_stm32f103xe.o(RESET) refers to stm32f1xx_it.o(i.NMI_Handler) for NMI_Handler
    startup_stm32f103xe.o(RESET) refers to stm32f1xx_it.o(i.HardFault_Handler) for HardFault_Handler
    startup_stm32f103xe.o(RESET) refers to stm32f1xx_it.o(i.MemManage_Handler) for MemManage_Handler
    startup_stm32f103xe.o(RESET) refers to stm32f1xx_it.o(i.BusFault_Handler) for BusFault_Handler
    startup_stm32f103xe.o(RESET) refers to stm32f1xx_it.o(i.UsageFault_Handler) for UsageFault_Handler
    startup_stm32f103xe.o(RESET) refers to stm32f1xx_it.o(i.SVC_Handler) for SVC_Handler
    startup_stm32f103xe.o(RESET) refers to stm32f1xx_it.o(i.DebugMon_Handler) for DebugMon_Handler
    startup_stm32f103xe.o(RESET) refers to stm32f1xx_it.o(i.PendSV_Handler) for PendSV_Handler
    startup_stm32f103xe.o(RESET) refers to stm32f1xx_it.o(i.SysTick_Handler) for SysTick_Handler
    startup_stm32f103xe.o(RESET) refers to stm32f1xx_it.o(i.EXTI9_5_IRQHandler) for EXTI9_5_IRQHandler
    startup_stm32f103xe.o(RESET) refers to stm32f1xx_it.o(i.TIM4_IRQHandler) for TIM4_IRQHandler
    startup_stm32f103xe.o(RESET) refers to stm32f1xx_it.o(i.USART1_IRQHandler) for USART1_IRQHandler
    startup_stm32f103xe.o(RESET) refers to stm32f1xx_it.o(i.TIM5_IRQHandler) for TIM5_IRQHandler
    startup_stm32f103xe.o(.text) refers (Special) to heapauxi.o(.text) for __use_two_region_memory
    startup_stm32f103xe.o(.text) refers to system_stm32f1xx.o(i.SystemInit) for SystemInit
    startup_stm32f103xe.o(.text) refers to __main.o(!!!main) for __main
    startup_stm32f103xe.o(.text) refers to startup_stm32f103xe.o(HEAP) for Heap_Mem
    startup_stm32f103xe.o(.text) refers to startup_stm32f103xe.o(STACK) for Stack_Mem
    main.o(i.SystemClock_Config) refers to rt_memclr_w.o(.text) for __aeabi_memclr4
    main.o(i.SystemClock_Config) refers to stm32f1xx_hal_rcc.o(i.HAL_RCC_OscConfig) for HAL_RCC_OscConfig
    main.o(i.SystemClock_Config) refers to main.o(i.Error_Handler) for Error_Handler
    main.o(i.SystemClock_Config) refers to stm32f1xx_hal_rcc.o(i.HAL_RCC_ClockConfig) for HAL_RCC_ClockConfig
    main.o(i.main) refers to stm32f1xx_hal.o(i.HAL_Init) for HAL_Init
    main.o(i.main) refers to main.o(i.SystemClock_Config) for SystemClock_Config
    main.o(i.main) refers to gpio.o(i.MX_GPIO_Init) for MX_GPIO_Init
    main.o(i.main) refers to usart.o(i.MX_USART1_UART_Init) for MX_USART1_UART_Init
    main.o(i.main) refers to tim.o(i.MX_TIM2_Init) for MX_TIM2_Init
    main.o(i.main) refers to tim.o(i.MX_TIM5_Init) for MX_TIM5_Init
    main.o(i.main) refers to tim.o(i.MX_TIM3_Init) for MX_TIM3_Init
    main.o(i.main) refers to tim.o(i.MX_TIM4_Init) for MX_TIM4_Init
    main.o(i.main) refers to usart.o(i.MX_USART2_UART_Init) for MX_USART2_UART_Init
    main.o(i.main) refers to control.o(i.Motor4_disable) for Motor4_disable
    main.o(i.main) refers to control.o(i.Motor1_course) for Motor1_course
    main.o(i.main) refers to control.o(i.Motor2_course) for Motor2_course
    main.o(i.main) refers to stm32f1xx_hal_uart.o(i.HAL_UART_Receive_IT) for HAL_UART_Receive_IT
    main.o(i.main) refers to stm32f1xx_hal_tim.o(i.HAL_TIM_PWM_Start) for HAL_TIM_PWM_Start
    main.o(i.main) refers to stm32f1xx_hal_tim.o(i.HAL_TIM_PWM_Start_IT) for HAL_TIM_PWM_Start_IT
    main.o(i.main) refers to stm32f1xx_hal_tim.o(i.HAL_TIM_Base_Start_IT) for HAL_TIM_Base_Start_IT
    main.o(i.main) refers to control.o(i.Motor1_enable) for Motor1_enable
    main.o(i.main) refers to control.o(i.Motor2_disable) for Motor2_disable
    main.o(i.main) refers to control.o(i.Motor4_course) for Motor4_course
    main.o(i.main) refers to noretval__2printf.o(.text) for __2printf
    main.o(i.main) refers to stm32f1xx_it.o(.data) for rxData
    main.o(i.main) refers to usart.o(.bss) for huart1
    main.o(i.main) refers to tim.o(.bss) for htim2
    gpio.o(i.MX_GPIO_Init) refers to stm32f1xx_hal_gpio.o(i.HAL_GPIO_WritePin) for HAL_GPIO_WritePin
    gpio.o(i.MX_GPIO_Init) refers to stm32f1xx_hal_gpio.o(i.HAL_GPIO_Init) for HAL_GPIO_Init
    gpio.o(i.MX_GPIO_Init) refers to stm32f1xx_hal_cortex.o(i.HAL_NVIC_SetPriority) for HAL_NVIC_SetPriority
    gpio.o(i.MX_GPIO_Init) refers to stm32f1xx_hal_cortex.o(i.HAL_NVIC_EnableIRQ) for HAL_NVIC_EnableIRQ
    tim.o(i.HAL_TIM_Base_MspDeInit) refers to stm32f1xx_hal_cortex.o(i.HAL_NVIC_DisableIRQ) for HAL_NVIC_DisableIRQ
[...]
    ..\Drivers\STM32F1xx_HAL_Driver\Src\stm32f1xx_hal_gpio_ex.c 0x00000000   Number         0  stm32f1xx_hal_gpio_ex.o ABSOLUTE
    ..\Drivers\STM32F1xx_HAL_Driver\Src\stm32f1xx_hal_pwr.c 0x00000000   Number         0  stm32f1xx_hal_pwr.o ABSOLUTE
    ..\Drivers\STM32F1xx_HAL_Driver\Src\stm32f1xx_hal_rcc.c 0x00000000   Number         0  stm32f1xx_hal_rcc.o ABSOLUTE
    ..\Drivers\STM32F1xx_HAL_Driver\Src\stm32f1xx_hal_rcc_ex.c 0x00000000   Number         0  stm32f1xx_hal_rcc_ex.o ABSOLUTE
    ..\Drivers\STM32F1xx_HAL_Driver\Src\stm32f1xx_hal_tim.c 0x00000000   Number         0  stm32f1xx_hal_tim.o ABSOLUTE
    ..\Drivers\STM32F1xx_HAL_Driver\Src\stm32f1xx_hal_tim_ex.c 0x00000000   Number         0  stm32f1xx_hal_tim_ex.o ABSOLUTE
    ..\Drivers\STM32F1xx_HAL_Driver\Src\stm32f1xx_hal_uart.c 0x00000000   Number         0  stm32f1xx_hal_uart.o ABSOLUTE
    ..\\App\\Src\\control.c                  0x00000000   Number         0  control.o ABSOLUTE
    dc.s                                     0x00000000   Number         0  dc.o ABSOLUTE
    startup_stm32f103xe.s                    0x00000000   Number         0  startup_stm32f103xe.o ABSOLUTE
    RESET                                    0x08000000   Section      304  startup_stm32f103xe.o(RESET)
    !!!main                                  0x08000130   Section        8  __main.o(!!!main)
    !!!scatter                               0x08000138   Section       52  __scatter.o(!!!scatter)
    !!handler_copy                           0x0800016c   Section       26  __scatter_copy.o(!!handler_copy)
    !!handler_zi                             0x08000188   Section       28  __scatter_zi.o(!!handler_zi)
    .ARM.Collect$$libinit$$00000000          0x080001a4   Section        2  libinit.o(.ARM.Collect$$libinit$$00000000)
    .ARM.Collect$$libinit$$00000002          0x080001a6   Section        0  libinit2.o(.ARM.Collect$$libinit$$00000002)
    .ARM.Collect$$libinit$$00000004          0x080001a6   Section        0  libinit2.o(.ARM.Collect$$libinit$$00000004)
    .ARM.Collect$$libinit$$00000005          0x080001a6   Section        8  libinit2.o(.ARM.Collect$$libinit$$00000005)
    .ARM.Collect$$libinit$$0000000A          0x080001ae   Section        0  libinit2.o(.ARM.Collect$$libinit$$0000000A)
    .ARM.Collect$$libinit$$0000000C          0x080001ae   Section        0  libinit2.o(.ARM.Collect$$libinit$$0000000C)
    .ARM.Collect$$libinit$$0000000E          0x080001ae   Section        0  libinit2.o(.ARM.Collect$$libinit$$0000000E)
    .ARM.Collect$$libinit$$00000011          0x080001ae   Section        0  libinit2.o(.ARM.Collect$$libinit$$00000011)
    .ARM.Collect$$libinit$$00000013          0x080001ae   Section        0  libinit2.o(.ARM.Collect$$libinit$$00000013)
    .ARM.Collect$$libinit$$00000015          0x080001ae   Section        0  libinit2.o(.ARM.Collect$$libinit$$00000015)
    .ARM.Collect$$libinit$$00000017          0x080001ae   Section        0  libinit2.o(.ARM.Collect$$libinit$$00000017)
    .ARM.Collect$$libinit$$00000019          0x080001ae   Section        0  libinit2.o(.ARM.Collect$$libinit$$00000019)
    .ARM.Collect$$libinit$$0000001B          0x080001ae   Section        0  libinit2.o(.ARM.Collect$$libinit$$0000001B)
    .ARM.Collect$$libinit$$0000001D          0x080001ae   Section        0  libinit2.o(.ARM.Collect$$libinit$$0000001D)
    .ARM.Collect$$libinit$$0000001F          0x080001ae   Section        0  libinit2.o(.ARM.Collect$$libinit$$0000001F)
    .ARM.Collect$$libinit$$00000021          0x080001ae   Section        0  libinit2.o(.ARM.Collect$$libinit$$00000021)
    .ARM.Collect$$libinit$$00000023          0x080001ae   Section        0  libinit2.o(.ARM.Collect$$libinit$$00000023)
    .ARM.Collect$$libinit$$00000024          0x080001ae   Section        4  libinit2.o(.ARM.Collect$$libinit$$00000024)
    .ARM.Collect$$libinit$$00000025          0x080001b2   Section        0  libinit2.o(.ARM.Collect$$libinit$$00000025)
    .ARM.Collect$$libinit$$0000002C          0x080001b2   Section        0  libinit2.o(.ARM.Collect$$libinit$$0000002C)
    .ARM.Collect$$libinit$$0000002E          0x080001b2   Section        0  libinit2.o(.ARM.Collect$$libinit$$0000002E)
    .ARM.Collect$$libinit$$00000030          0x080001b2   Section        0  libinit2.o(.ARM.Collect$$libinit$$00000030)
    .ARM.Collect$$libinit$$00000032          0x080001b2   Section        0  libinit2.o(.ARM.Collect$$libinit$$00000032)
    .ARM.Collect$$libinit$$00000033          0x080001b2   Section        2  libinit2.o(.ARM.Collect$$libinit$$00000033)
    .ARM.Collect$$libshutdown$$00000000      0x080001b4   Section        2  libshutdown.o(.ARM.Collect$$libshutdown$$00000000)
    .ARM.Collect$$libshutdown$$00000002      0x080001b6   Section        0  libshutdown2.o(.ARM.Collect$$libshutdown$$00000002)
    .ARM.Collect$$libshutdown$$00000003      0x080001b6   Section        4  libshutdown2.o(.ARM.Collect$$libshutdown$$00000003)
    .ARM.Collect$$libshutdown$$00000004      0x080001ba   Section        0  libshutdown2.o(.ARM.Collect$$libshutdown$$00000004)
    .ARM.Collect$$libshutdown$$00000007      0x080001ba   Section        0  libshutdown2.o(.ARM.Collect$$libshutdown$$00000007)
    .ARM.Collect$$libshutdown$$0000000A      0x080001ba   Section        0  libshutdown2.o(.ARM.Collect$$libshutdown$$0000000A)
    .ARM.Collect$$libshutdown$$0000000C      0x080001ba   Section        0  libshutdown2.o(.ARM.Collect$$libshutdown$$0000000C)
    .ARM.Collect$$libshutdown$$0000000F      0x080001ba   Section        0  libshutdown2.o(.ARM.Collect$$libshutdown$$0000000F)
    .ARM.Collect$$libshutdown$$00000010      0x080001ba   Section        2  libshutdown2.o(.ARM.Collect$$libshutdown$$00000010)
    .ARM.Collect$$rtentry$$00000000          0x080001bc   Section        0  __rtentry.o(.ARM.Collect$$rtentry$$00000000)
    .ARM.Collect$$rtentry$$00000002          0x080001bc   Section        0  __rtentry2.o(.ARM.Collect$$rtentry$$00000002)
    .ARM.Collect$$rtentry$$00000004          0x080001bc   Section        6  __rtentry4.o(.ARM.Collect$$rtentry$$00000004)
    .ARM.Collect$$rtentry$$00000009          0x080001c2   Section        0  __rtentry2.o(.ARM.Collect$$rtentry$$00000009)
    .ARM.Collect$$rtentry$$0000000A          0x080001c2   Section        4  __rtentry2.o(.ARM.Collect$$rtentry$$0000000A)
    .ARM.Collect$$rtentry$$0000000C          0x080001c6   Section        0  __rtentry2.o(.ARM.Collect$$rtentry$$0000000C)
    .ARM.Collect$$rtentry$$0000000D          0x080001c6   Section        8  __rtentry2.o(.ARM.Collect$$rtentry$$0000000D)
    .ARM.Collect$$rtexit$$00000000           0x080001ce   Section        2  rtexit.o(.ARM.Collect$$rtexit$$00000000)
    .ARM.Collect$$rtexit$$00000002           0x080001d0   Section        0  rtexit2.o(.ARM.Collect$$rtexit$$00000002)
    .ARM.Collect$$rtexit$$00000003           0x080001d0   Section        4  rtexit2.o(.ARM.Collect$$rtexit$$00000003)
    .ARM.Collect$$rtexit$$00000004           0x080001d4   Section        6  rtexit2.o(.ARM.Collect$$rtexit$$00000004)
    .emb_text                                0x080001dc   Section        0  maybetermalloc1.o(.emb_text)
    .text                                    0x080001dc   Section       64  startup_stm32f103xe.o(.text)
    .text                                    0x0800021c   Section        0  noretval__2printf.o(.text)
    .text                                    0x08000234   Section       78  rt_memclr_w.o(.text)
    .text                                    0x08000282   Section        0  heapauxi.o(.text)
    .text                                    0x08000288   Section        0  _printf_char_file.o(.text)
    .text                                    0x080002ac   Section        0  _printf_char_common.o(.text)
    _printf_input_char                       0x080002ad   Thumb Code    10  _printf_char_common.o(.text)
    .text                                    0x080002dc   Section        0  ferror.o(.text)
    .text                                    0x080002e4   Section        0  initio.o(.text)
    .text                                    0x0800041c   Section        0  sys_io.o(.text)
    .text                                    0x08000482   Section       74  sys_stackheap_outer.o(.text)
    .text                                    0x080004cc   Section        0  h1_free.o(.text)
    .text                                    0x0800051a   Section        0  __printf_nopercent.o(.text)
    .text                                    0x08000542   Section        0  setvbuf.o(.text)
    .text                                    0x08000588   Section        0  fopen.o(.text)
    _freopen_locked                          0x08000589   Thumb Code     0  fopen.o(.text)
    .text                                    0x08000674   Section        0  fclose.o(.text)
    .text                                    0x080006c0   Section        0  exit.o(.text)
    .text                                    0x080006d2   Section        0  defsig_rtred_outer.o(.text)
    .text                                    0x080006e0   Section        8  libspace.o(.text)
    .text                                    0x080006e8   Section        2  use_no_semi.o(.text)
    .text                                    0x080006ea   Section        0  indicate_semi.o(.text)
    .text                                    0x080006ec   Section        8  rt_heap_descriptor_intlibspace.o(.text)
    .text                                    0x080006f4   Section        0  hguard.o(.text)
    .text                                    0x080006f8   Section        0  init_alloc.o(.text)
    .text                                    0x08000782   Section        0  h1_alloc.o(.text)
    .text                                    0x080007e0   Section        0  fseek.o(.text)
    .text                                    0x080008d8   Section        0  stdio.o(.text)
    .text                                    0x080009c8   Section        0  defsig_exit.o(.text)
    .text                                    0x080009d4   Section        0  defsig_rtred_inner.o(.text)
    .text                                    0x08000a08   Section        0  strlen.o(.text)
    .text                                    0x08000a48   Section        0  sys_exit.o(.text)
    .text                                    0x08000a54   Section        0  h1_init.o(.text)
    .text                                    0x08000a62   Section        0  h1_extend.o(.text)
    .text                                    0x08000a96   Section        0  ftell.o(.text)
    .text                                    0x08000ad8   Section        0  defsig_general.o(.text)
    .text                                    0x08000b0a   Section        0  defsig_rtmem_outer.o(.text)
    .text                                    0x08000b18   Section        0  sys_wrch.o(.text)
    .text                                    0x08000b28   Section        8  rt_errno_addr_intlibspace.o(.text)
    .text                                    0x08000b30   Section        0  defsig_rtmem_inner.o(.text)
    i.BusFault_Handler                       0x08000b80   Section        0  stm32f1xx_it.o(i.BusFault_Handler)
    i.DebugMon_Handler                       0x08000b84   Section        0  stm32f1xx_it.o(i.DebugMon_Handler)
    i.EXTI9_5_IRQHandler                     0x08000b86   Section        0  stm32f1xx_it.o(i.EXTI9_5_IRQHandler)
    i.Error_Handler                          0x08000b96   Section        0  main.o(i.Error_Handler)
    i.HAL_DMA_Abort                          0x08000b9c   Section        0  stm32f1xx_hal_dma.o(i.HAL_DMA_Abort)
    i.HAL_DMA_Abort_IT                       0x08000bf4   Section        0  stm32f1xx_hal_dma.o(i.HAL_DMA_Abort_IT)
    i.HAL_GPIO_EXTI_Callback                 0x08000d9c   Section        0  control.o(i.HAL_GPIO_EXTI_Callback)
    i.HAL_GPIO_EXTI_IRQHandler               0x08000de0   Section        0  stm32f1xx_hal_gpio.o(i.HAL_GPIO_EXTI_IRQHandler)
    i.HAL_GPIO_Init                          0x08000dfc   Section        0  stm32f1xx_hal_gpio.o(i.HAL_GPIO_Init)
    i.HAL_GPIO_WritePin                      0x0800113c   Section        0  stm32f1xx_hal_gpio.o(i.HAL_GPIO_WritePin)
    i.HAL_GetTick                            0x08001148   Section        0  stm32f1xx_hal.o(i.HAL_GetTick)
    i.HAL_IncTick                            0x08001154   Section        0  stm32f1xx_hal.o(i.HAL_IncTick)
    i.HAL_Init                               0x0800116c   Section        0  stm32f1xx_hal.o(i.HAL_Init)
    i.HAL_InitTick                           0x08001194   Section        0  stm32f1xx_hal.o(i.HAL_InitTick)
    i.HAL_MspInit                            0x080011e0   Section        0  stm32f1xx_hal_msp.o(i.HAL_MspInit)
    i.HAL_NVIC_EnableIRQ                     0x08001234   Section        0  stm32f1xx_hal_cortex.o(i.HAL_NVIC_EnableIRQ)
    i.HAL_NVIC_SetPriority                   0x08001254   Section        0  stm32f1xx_hal_cortex.o(i.HAL_NVIC_SetPriority)
    i.HAL_NVIC_SetPriorityGrouping           0x080012d0   Section        0  stm32f1xx_hal_cortex.o(i.HAL_NVIC_SetPriorityGrouping)
    i.HAL_RCC_ClockConfig                    0x080012f8   Section        0  stm32f1xx_hal_rcc.o(i.HAL_RCC_ClockConfig)
    i.HAL_RCC_GetHCLKFreq                    0x08001484   Section        0  stm32f1xx_hal_rcc.o(i.HAL_RCC_GetHCLKFreq)
    i.HAL_RCC_GetPCLK1Freq                   0x08001490   Section        0  stm32f1xx_hal_rcc.o(i.HAL_RCC_GetPCLK1Freq)
    i.HAL_RCC_GetPCLK2Freq                   0x080014b0   Section        0  stm32f1xx_hal_rcc.o(i.HAL_RCC_GetPCLK2Freq)
    i.HAL_RCC_GetSysClockFreq                0x080014d0   Section        0  stm32f1xx_hal_rcc.o(i.HAL_RCC_GetSysClockFreq)
    i.HAL_RCC_OscConfig                      0x08001540   Section        0  stm32f1xx_hal_rcc.o(i.HAL_RCC_OscConfig)
    i.HAL_SYSTICK_Config                     0x080019a4   Section        0  stm32f1xx_hal_cortex.o(i.HAL_SYSTICK_Config)
    i.HAL_TIMEx_BreakCallback                0x080019d8   Section        0  stm32f1xx_hal_tim_ex.o(i.HAL_TIMEx_BreakCallback)
    i.HAL_TIMEx_CommutCallback               0x080019da   Section        0  stm32f1xx_hal_tim_ex.o(i.HAL_TIMEx_CommutCallback)
    i.HAL_TIMEx_MasterConfigSynchronization  0x080019dc   Section        0  stm32f1xx_hal_tim_ex.o(i.HAL_TIMEx_MasterConfigSynchronization)
    i.HAL_TIM_Base_Init                      0x08001a78   Section        0  stm32f1xx_hal_tim.o(i.HAL_TIM_Base_Init)
    i.HAL_TIM_Base_MspInit                   0x08001ae0   Section        0  tim.o(i.HAL_TIM_Base_MspInit)
    i.HAL_TIM_Base_Start_IT                  0x08001ba8   Section        0  stm32f1xx_hal_tim.o(i.HAL_TIM_Base_Start_IT)
    i.HAL_TIM_ConfigClockSource              0x08001c38   Section        0  stm32f1xx_hal_tim.o(i.HAL_TIM_ConfigClockSource)
    i.HAL_TIM_IC_CaptureCallback             0x08001d44   Section        0  stm32f1xx_hal_tim.o(i.HAL_TIM_IC_CaptureCallback)
    i.HAL_TIM_IRQHandler                     0x08001d46   Section        0  stm32f1xx_hal_tim.o(i.HAL_TIM_IRQHandler)
    i.HAL_TIM_MspPostInit                    0x08001eb4   Section        0  tim.o(i.HAL_TIM_MspPostInit)
    i.HAL_TIM_OC_DelayElapsedCallback        0x08001f9c   Section        0  stm32f1xx_hal_tim.o(i.HAL_TIM_OC_DelayElapsedCallback)
    i.HAL_TIM_PWM_ConfigChannel              0x08001f9e   Section        0  stm32f1xx_hal_tim.o(i.HAL_TIM_PWM_ConfigChannel)
    i.HAL_TIM_PWM_Init                       0x080020a2   Section        0  stm32f1xx_hal_tim.o(i.HAL_TIM_PWM_Init)
    i.HAL_TIM_PWM_MspInit                    0x08002108   Section        0  stm32f1xx_hal_tim.o(i.HAL_TIM_PWM_MspInit)
    i.HAL_TIM_PWM_PulseFinishedCallback      0x0800210c   Section        0  stm32f1xx_it.o(i.HAL_TIM_PWM_PulseFinishedCallback)
    i.HAL_TIM_PWM_Start                      0x08002184   Section        0  stm32f1xx_hal_tim.o(i.HAL_TIM_PWM_Start)
    i.HAL_TIM_PWM_Start_IT                   0x08002278   Section        0  stm32f1xx_hal_tim.o(i.HAL_TIM_PWM_Start_IT)
    i.HAL_TIM_PWM_Stop_IT                    0x080023bc   Section        0  stm32f1xx_hal_tim.o(i.HAL_TIM_PWM_Stop_IT)
    i.HAL_TIM_PeriodElapsedCallback          0x080024b8   Section        0  stm32f1xx_hal_tim.o(i.HAL_TIM_PeriodElapsedCallback)
    i.HAL_TIM_TriggerCallback                0x080024ba   Section        0  stm32f1xx_hal_tim.o(i.HAL_TIM_TriggerCallback)
    i.HAL_UARTEx_RxEventCallback             0x080024bc   Section        0  stm32f1xx_hal_uart.o(i.HAL_UARTEx_RxEventCallback)
    i.HAL_UART_ErrorCallback                 0x080024be   Section        0  stm32f1xx_hal_uart.o(i.HAL_UART_ErrorCallback)
    i.HAL_UART_IRQHandler                    0x080024c0   Section        0  stm32f1xx_hal_uart.o(i.HAL_UART_IRQHandler)
    i.HAL_UART_Init                          0x080027a4   Section        0  stm32f1xx_hal_uart.o(i.HAL_UART_Init)
    i.HAL_UART_MspInit                       0x0800281c   Section        0  usart.o(i.HAL_UART_MspInit)
    i.HAL_UART_Receive_IT                    0x0800291c   Section        0  stm32f1xx_hal_uart.o(i.HAL_UART_Receive_IT)
    i.HAL_UART_RxCpltCallback                0x08002948   Section        0  stm32f1xx_it.o(i.HAL_UART_RxCpltCallback)
    i.HAL_UART_Transmit                      0x080029d0   Section        0  stm32f1xx_hal_uart.o(i.HAL_UART_Transmit)
    i.HAL_UART_TxCpltCallback                0x08002a8e   Section        0  stm32f1xx_hal_uart.o(i.HAL_UART_TxCpltCallback)
    i.HardFault_Handler                      0x08002a90   Section        0  stm32f1xx_it.o(i.HardFault_Handler)
    i.MX_GPIO_Init                           0x08002a94   Section        0  gpio.o(i.MX_GPIO_Init)
    i.MX_TIM2_Init                           0x08002ba4   Section        0  tim.o(i.MX_TIM2_Init)
    i.MX_TIM3_Init                           0x08002c48   Section        0  tim.o(i.MX_TIM3_Init)
    i.MX_TIM4_Init                           0x08002cfc   Section        0  tim.o(i.MX_TIM4_Init)
    i.MX_TIM5_Init                           0x08002da0   Section        0  tim.o(i.MX_TIM5_Init)
    i.MX_USART1_UART_Init                    0x08002e10   Section        0  usart.o(i.MX_USART1_UART_Init)
    i.MX_USART2_UART_Init                    0x08002e48   Section        0  usart.o(i.MX_USART2_UART_Init)
    i.MemManage_Handler                      0x08002e80   Section        0  stm32f1xx_it.o(i.MemManage_Handler)
    i.Motor1_course                          0x08002e84   Section        0  control.o(i.Motor1_course)
    i.Motor1_disable                         0x08002eac   Section        0  control.o(i.Motor1_disable)
    i.Motor1_enable                          0x08002ebc   Section        0  control.o(i.Motor1_enable)
    i.Motor2_course                          0x08002ecc   Section        0  control.o(i.Motor2_course)
    i.Motor2_disable                         0x08002ef4   Section        0  control.o(i.Motor2_disable)
    i.Motor4_course                          0x08002f04   Section        0  control.o(i.Motor4_course)
    i.Motor4_disable                         0x08002f2c   Section        0  control.o(i.Motor4_disable)
    i.NMI_Handler                            0x08002f40   Section        0  stm32f1xx_it.o(i.NMI_Handler)
    i.PendSV_Handler                         0x08002f44   Section        0  stm32f1xx_it.o(i.PendSV_Handler)
    i.RCC_Delay                              0x08002f48   Section        0  stm32f1xx_hal_rcc.o(i.RCC_Delay)
    RCC_Delay                                0x08002f49   Thumb Code    36  stm32f1xx_hal_rcc.o(i.RCC_Delay)
    i.SVC_Handler                            0x08002f70   Section        0  stm32f1xx_it.o(i.SVC_Handler)
    i.SysTick_Handler                        0x08002f72   Section        0  stm32f1xx_it.o(i.SysTick_Handler)
    i.SystemClock_Config                     0x08002f7a   Section        0  main.o(i.SystemClock_Config)
    i.SystemInit                             0x08002fe0   Section        0  system_stm32f1xx.o(i.SystemInit)
    i.TIM4_IRQHandler                        0x08002fe4   Section        0  stm32f1xx_it.o(i.TIM4_IRQHandler)
    i.TIM5_IRQHandler                        0x08002ff4   Section        0  stm32f1xx_it.o(i.TIM5_IRQHandler)
    i.TIM_Base_SetConfig                     0x08003004   Section        0  stm32f1xx_hal_tim.o(i.TIM_Base_SetConfig)
    i.TIM_CCxChannelCmd                      0x080030b0   Section        0  stm32f1xx_hal_tim.o(i.TIM_CCxChannelCmd)
    i.TIM_ETR_SetConfig                      0x080030d2   Section        0  stm32f1xx_hal_tim.o(i.TIM_ETR_SetConfig)
    i.TIM_ITRx_SetConfig                     0x080030e8   Section        0  stm32f1xx_hal_tim.o(i.TIM_ITRx_SetConfig)
    TIM_ITRx_SetConfig                       0x080030e9   Thumb Code    18  stm32f1xx_hal_tim.o(i.TIM_ITRx_SetConfig)
    i.TIM_OC1_SetConfig                      0x080030fc   Section        0  stm32f1xx_hal_tim.o(i.TIM_OC1_SetConfig)
    TIM_OC1_SetConfig                        0x080030fd   Thumb Code   104  stm32f1xx_hal_tim.o(i.TIM_OC1_SetConfig)
    i.TIM_OC2_SetConfig                      0x0800316c   Section        0  stm32f1xx_hal_tim.o(i.TIM_OC2_SetConfig)
    i.TIM_OC3_SetConfig                      0x080031e8   Section        0  stm32f1xx_hal_tim.o(i.TIM_OC3_SetConfig)
    TIM_OC3_SetConfig                        0x080031e9   Thumb Code   112  stm32f1xx_hal_tim.o(i.TIM_OC3_SetConfig)
    i.TIM_OC4_SetConfig                      0x08003260   Section        0  stm32f1xx_hal_tim.o(i.TIM_OC4_SetConfig)
    TIM_OC4_SetConfig                        0x08003261   Thumb Code    74  stm32f1xx_hal_tim.o(i.TIM_OC4_SetConfig)
    i.TIM_TI1_ConfigInputStage               0x080032b4   Section        0  stm32f1xx_hal_tim.o(i.TIM_TI1_ConfigInputStage)
    TIM_TI1_ConfigInputStage                 0x080032b5   Thumb Code    38  stm32f1xx_hal_tim.o(i.TIM_TI1_ConfigInputStage)
    i.TIM_TI2_ConfigInputStage               0x080032da   Section        0  stm32f1xx_hal_tim.o(i.TIM_TI2_ConfigInputStage)
    TIM_TI2_ConfigInputStage                 0x080032db   Thumb Code    40  stm32f1xx_hal_tim.o(i.TIM_TI2_ConfigInputStage)
    i.UART_DMAAbortOnError                   0x08003302   Section        0  stm32f1xx_hal_uart.o(i.UART_DMAAbortOnError)
    UART_DMAAbortOnError                     0x08003303   Thumb Code    20  stm32f1xx_hal_uart.o(i.UART_DMAAbortOnError)
    i.UART_EndRxTransfer                     0x08003316   Section        0  stm32f1xx_hal_uart.o(i.UART_EndRxTransfer)
    UART_EndRxTransfer                       0x08003317   Thumb Code   108  stm32f1xx_hal_uart.o(i.UART_EndRxTransfer)
    i.UART_EndTransmit_IT                    0x08003382   Section        0  stm32f1xx_hal_uart.o(i.UART_EndTransmit_IT)
    UART_EndTransmit_IT                      0x08003383   Thumb Code    32  stm32f1xx_hal_uart.o(i.UART_EndTransmit_IT)
    i.UART_Receive_IT                        0x080033a2   Section        0  stm32f1xx_hal_uart.o(i.UART_Receive_IT)
    UART_Receive_IT                          0x080033a3   Thumb Code   252  stm32f1xx_hal_uart.o(i.UART_Receive_IT)
    i.UART_SetConfig                         0x080034a0   Section        0  stm32f1xx_hal_uart.o(i.UART_SetConfig)
    UART_SetConfig                           0x080034a1   Thumb Code   248  stm32f1xx_hal_uart.o(i.UART_SetConfig)
    i.UART_Start_Receive_IT                  0x0800359c   Section        0  stm32f1xx_hal_uart.o(i.UART_Start_Receive_IT)
    i.UART_Transmit_IT                       0x080035dc   Section        0  stm32f1xx_hal_uart.o(i.UART_Transmit_IT)
    UART_Transmit_IT                         0x080035dd   Thumb Code    96  stm32f1xx_hal_uart.o(i.UART_Transmit_IT)
    i.UART_WaitOnFlagUntilTimeout            0x0800363c   Section        0  stm32f1xx_hal_uart.o(i.UART_WaitOnFlagUntilTimeout)
    UART_WaitOnFlagUntilTimeout              0x0800363d   Thumb Code   140  stm32f1xx_hal_uart.o(i.UART_WaitOnFlagUntilTimeout)
    i.USART1_IRQHandler                      0x080036c8   Section        0  stm32f1xx_it.o(i.USART1_IRQHandler)
    i.UsageFault_Handler                     0x080036d8   Section        0  stm32f1xx_it.o(i.UsageFault_Handler)
    i.__NVIC_GetPriorityGrouping             0x080036dc   Section        0  stm32f1xx_hal_cortex.o(i.__NVIC_GetPriorityGrouping)
    __NVIC_GetPriorityGrouping               0x080036dd   Thumb Code    10  stm32f1xx_hal_cortex.o(i.__NVIC_GetPriorityGrouping)
    i.__NVIC_SetPriority                     0x080036ec   Section        0  stm32f1xx_hal_cortex.o(i.__NVIC_SetPriority)
    __NVIC_SetPriority                       0x080036ed   Thumb Code    32  stm32f1xx_hal_cortex.o(i.__NVIC_SetPriority)
    i.fputc                                  0x08003714   Section        0  usart.o(i.fputc)
    i.main                                   0x08003730   Section        0  main.o(i.main)
    .constdata                               0x080037d4   Section       18  stm32f1xx_hal_rcc.o(.constdata)
    aPLLMULFactorTable                       0x080037d4   Data          16  stm32f1xx_hal_rcc.o(.constdata)
    aPredivFactorTable                       0x080037e4   Data           2  stm32f1xx_hal_rcc.o(.constdata)
    .constdata                               0x080037e6   Section       24  system_stm32f1xx.o(.constdata)
    .constdata                               0x080037fe   Section        4  sys_io.o(.constdata)
    .constdata                               0x08003802   Section        4  sys_io.o(.constdata)
    .constdata                               0x08003806   Section        4  sys_io.o(.constdata)
    .data                                    0x20000000   Section        2  main.o(.data)
    .data                                    0x20000004   Section       20  stm32f1xx_it.o(.data)
    .data                                    0x20000018   Section        9  stm32f1xx_hal.o(.data)
    .data                                    0x20000024   Section        4  system_stm32f1xx.o(.data)
    .data                                    0x20000028   Section        4  stdio_streams.o(.data)
    .data                                    0x2000002c   Section        4  stdio_streams.o(.data)
    .data                                    0x20000030   Section        4  stdio_streams.o(.data)
    .bss                                     0x20000034   Section      288  tim.o(.bss)
    .bss                                     0x20000154   Section      144  usart.o(.bss)
    .bss                                     0x200001e4   Section       84  stdio_streams.o(.bss)
    .bss                                     0x20000238   Section       84  stdio_streams.o(.bss)
    .bss                                     0x2000028c   Section       84  stdio_streams.o(.bss)
    .bss                                     0x200002e0   Section       96  libspace.o(.bss)
    HEAP                                     0x20000340   Section      512  startup_stm32f103xe.o(HEAP)
    Heap_Mem                                 0x20000340   Data         512  startup_stm32f103xe.o(HEAP)
    STACK                                    0x20000540   Section     1024  startup_stm32f103xe.o(STACK)
    Stack_Mem                                0x20000540   Data        1024  startup_stm32f103xe.o(STACK)
    __initial_sp                             0x20000940   Data           0  startup_stm32f103xe.o(STACK)

    Global Symbols

    Symbol Name                              Value     Ov Type        Size  Object(Section)

    BuildAttributes$$THM_ISAv4$P$D$K$B$S$PE$A:L22UL41UL21$X:L11$S22US41US21$IEEE1$IW$USESV6$~STKCKD$USESV7$~SHL$OTIME$ROPI$EBA8$UX$STANDARDLIB$REQ8$PRES8$EABIv2 0x00000000   Number         0  anon$$obj.o ABSOLUTE
    __ARM_use_no_argv                        0x00000000   Number         0  main.o ABSOLUTE
    __ARM_exceptions_init                     - Undefined Weak Reference
    __alloca_initialize                       - Undefined Weak Reference
    __arm_preinit_                            - Undefined Weak Reference
    __cpp_initialize__aeabi_                  - Undefined Weak Reference
    __cxa_finalize                            - Undefined Weak Reference
    __rt_locale                               - Undefined Weak Reference
    __sigvec_lookup                           - Undefined Weak Reference
    __user_heap_extent                        - Undefined Weak Reference
    _atexit_init                              - Undefined Weak Reference
    _call_atexit_fns                          - Undefined Weak Reference
    _clock_init                               - Undefined Weak Reference
    _fp_trap_init                             - Undefined Weak Reference
    _fp_trap_shutdown                         - Undefined Weak Reference
    _get_lc_collate                           - Undefined Weak Reference
    _get_lc_ctype                             - Undefined Weak Reference
    _get_lc_monetary                          - Undefined Weak Reference
    _get_lc_numeric                           - Undefined Weak Reference
    _get_lc_time                              - Undefined Weak Reference
    _getenv_init                              - Undefined Weak Reference
    _handle_redirection                       - Undefined Weak Reference
    _mutex_acquire                            - Undefined Weak Reference
    _mutex_free                               - Undefined Weak Reference
    _mutex_release                            - Undefined Weak Reference
    _rand_init                                - Undefined Weak Reference
    _signal_finish                            - Undefined Weak Reference
    _signal_init                              - Undefined Weak Reference
    __Vectors_Size                           0x00000130   Number         0  startup_stm32f103xe.o ABSOLUTE
    __Vectors                                0x08000000   Data           4  startup_stm32f103xe.o(RESET)
    __Vectors_End                            0x08000130   Data           0  startup_stm32f103xe.o(RESET)
    __main                                   0x08000131   Thumb Code     8  __main.o(!!!main)
    __scatterload                            0x08000139   Thumb Code     0  __scatter.o(!!!scatter)
    __scatterload_rt2                        0x08000139   Thumb Code    44  __scatter.o(!!!scatter)
    __scatterload_rt2_thumb_only             0x08000139   Thumb Code     0  __scatter.o(!!!scatter)
    __scatterload_null                       0x08000147   Thumb Code     0  __scatter.o(!!!scatter)
    __scatterload_copy                       0x0800016d   Thumb Code    26  __scatter_copy.o(!!handler_copy)
    __scatterload_zeroinit                   0x08000189   Thumb Code    28  __scatter_zi.o(!!handler_zi)
    __rt_lib_init                            0x080001a5   Thumb Code     0  libinit.o(.ARM.Collect$$libinit$$00000000)
    __rt_lib_init_fp_1                       0x080001a7   Thumb Code     0  libinit2.o(.ARM.Collect$$libinit$$00000002)
    __rt_lib_init_heap_2                     0x080001a7   Thumb Code     0  libinit2.o(.ARM.Collect$$libinit$$00000005)
    __rt_lib_init_preinit_1                  0x080001a7   Thumb Code     0  libinit2.o(.ARM.Collect$$libinit$$00000004)
    __rt_lib_init_atexit_1                   0x080001af   Thumb Code     0  libinit2.o(.ARM.Collect$$libinit$$0000001B)
    __rt_lib_init_clock_1                    0x080001af   Thumb Code     0  libinit2.o(.ARM.Collect$$libinit$$00000021)
    __rt_lib_init_fp_trap_1                  0x080001af   Thumb Code     0  libinit2.o(.ARM.Collect$$libinit$$0000001F)
    __rt_lib_init_getenv_1                   0x080001af   Thumb Code     0  libinit2.o(.ARM.Collect$$libinit$$00000023)
    __rt_lib_init_heap_1                     0x080001af   Thumb Code     0  libinit2.o(.ARM.Collect$$libinit$$0000000A)
    __rt_lib_init_lc_collate_1               0x080001af   Thumb Code     0  libinit2.o(.ARM.Collect$$libinit$$00000011)
    __rt_lib_init_lc_ctype_1                 0x080001af   Thumb Code     0  libinit2.o(.ARM.Collect$$libinit$$00000013)
    __rt_lib_init_lc_monetary_1              0x080001af   Thumb Code     0  libinit2.o(.ARM.Collect$$libinit$$00000015)
    __rt_lib_init_lc_numeric_1               0x080001af   Thumb Code     0  libinit2.o(.ARM.Collect$$libinit$$00000017)
    __rt_lib_init_lc_time_1                  0x080001af   Thumb Code     0  libinit2.o(.ARM.Collect$$libinit$$00000019)
    __rt_lib_init_rand_1                     0x080001af   Thumb Code     0  libinit2.o(.ARM.Collect$$libinit$$0000000E)
    __rt_lib_init_signal_1                   0x080001af   Thumb Code     0  libinit2.o(.ARM.Collect$$libinit$$0000001D)
    __rt_lib_init_stdio_2                    0x080001af   Thumb Code     0  libinit2.o(.ARM.Collect$$libinit$$00000024)
    __rt_lib_init_user_alloc_1               0x080001af   Thumb Code     0  libinit2.o(.ARM.Collect$$libinit$$0000000C)
    __rt_lib_init_alloca_1                   0x080001b3   Thumb Code     0  libinit2.o(.ARM.Collect$$libinit$$0000002E)
    __rt_lib_init_argv_1                     0x080001b3   Thumb Code     0  libinit2.o(.ARM.Collect$$libinit$$0000002C)
    __rt_lib_init_cpp_1                      0x080001b3   Thumb Code     0  libinit2.o(.ARM.Collect$$libinit$$00000032)
    __rt_lib_init_exceptions_1               0x080001b3   Thumb Code     0  libinit2.o(.ARM.Collect$$libinit$$00000030)
    __rt_lib_init_return                     0x080001b3   Thumb Code     0  libinit2.o(.ARM.Collect$$libinit$$00000033)
    __rt_lib_init_stdio_1                    0x080001b3   Thumb Code     0  libinit2.o(.ARM.Collect$$libinit$$00000025)
    __rt_lib_shutdown                        0x080001b5   Thumb Code     0  libshutdown.o(.ARM.Collect$$libshutdown$$00000000)
    __rt_lib_shutdown_cpp_1                  0x080001b7   Thumb Code     0  libshutdown2.o(.ARM.Collect$$libshutdown$$00000002)
    __rt_lib_shutdown_stdio_2                0x080001b7   Thumb Code     0  libshutdown2.o(.ARM.Collect$$libshutdown$$00000003)
    __rt_lib_shutdown_fp_trap_1              0x080001bb   Thumb Code     0  libshutdown2.o(.ARM.Collect$$libshutdown$$00000007)
    __rt_lib_shutdown_heap_1                 0x080001bb   Thumb Code     0  libshutdown2.o(.ARM.Collect$$libshutdown$$0000000F)
    __rt_lib_shutdown_return                 0x080001bb   Thumb Code     0  libshutdown2.o(.ARM.Collect$$libshutdown$$00000010)
    __rt_lib_shutdown_signal_1               0x080001bb   Thumb Code     0  libshutdown2.o(.ARM.Collect$$libshutdown$$0000000A)
    __rt_lib_shutdown_stdio_1                0x080001bb   Thumb Code     0  libshutdown2.o(.ARM.Collect$$libshutdown$$00000004)
    __rt_lib_shutdown_user_alloc_1           0x080001bb   Thumb Code     0  libshutdown2.o(.ARM.Collect$$libshutdown$$0000000C)
    __rt_entry                               0x080001bd   Thumb Code     0  __rtentry.o(.ARM.Collect$$rtentry$$00000000)
    __rt_entry_presh_1                       0x080001bd   Thumb Code     0  __rtentry2.o(.ARM.Collect$$rtentry$$00000002)
    __rt_entry_sh                            0x080001bd   Thumb Code     0  __rtentry4.o(.ARM.Collect$$rtentry$$00000004)
    __rt_entry_li                            0x080001c3   Thumb Code     0  __rtentry2.o(.ARM.Collect$$rtentry$$0000000A)
    __rt_entry_postsh_1                      0x080001c3   Thumb Code     0  __rtentry2.o(.ARM.Collect$$rtentry$$00000009)
    __rt_entry_main                          0x080001c7   Thumb Code     0  __rtentry2.o(.ARM.Collect$$rtentry$$0000000D)
    __rt_entry_postli_1                      0x080001c7   Thumb Code     0  __rtentry2.o(.ARM.Collect$$rtentry$$0000000C)
    __rt_exit                                0x080001cf   Thumb Code     0  rtexit.o(.ARM.Collect$$rtexit$$00000000)
    __rt_exit_ls                             0x080001d1   Thumb Code     0  rtexit2.o(.ARM.Collect$$rtexit$$00000003)
    __rt_exit_prels_1                        0x080001d1   Thumb Code     0  rtexit2.o(.ARM.Collect$$rtexit$$00000002)
    __rt_exit_exit                           0x080001d5   Thumb Code     0  rtexit2.o(.ARM.Collect$$rtexit$$00000004)
    Reset_Handler                            0x080001dd   Thumb Code     8  startup_stm32f103xe.o(.text)
    _maybe_terminate_alloc                   0x080001dd   Thumb Code     0  maybetermalloc1.o(.emb_text)
    ADC1_2_IRQHandler                        0x080001f7   Thumb Code     0  startup_stm32f103xe.o(.text)
    ADC3_IRQHandler                          0x080001f7   Thumb Code     0  startup_stm32f103xe.o(.text)
    CAN1_RX1_IRQHandler                      0x080001f7   Thumb Code     0  startup_stm32f103xe.o(.text)
    CAN1_SCE_IRQHandler                      0x080001f7   Thumb Code     0  startup_stm32f103xe.o(.text)
    DMA1_Channel1_IRQHandler                 0x080001f7   Thumb Code     0  startup_stm32f103xe.o(.text)
    DMA1_Channel2_IRQHandler                 0x080001f7   Thumb Code     0  startup_stm32f103xe.o(.text)
    DMA1_Channel3_IRQHandler                 0x080001f7   Thumb Code     0  startup_stm32f103xe.o(.text)
    DMA1_Channel4_IRQHandler                 0x080001f7   Thumb Code     0  startup_stm32f103xe.o(.text)
    DMA1_Channel5_IRQHandler                 0x080001f7   Thumb Code     0  startup_stm32f103xe.o(.text)
    DMA1_Channel6_IRQHandler                 0x080001f7   Thumb Code     0  startup_stm32f103xe.o(.text)
    DMA1_Channel7_IRQHandler                 0x080001f7   Thumb Code     0  startup_stm32f103xe.o(.text)
    DMA2_Channel1_IRQHandler                 0x080001f7   Thumb Code     0  startup_stm32f103xe.o(.text)
    DMA2_Channel2_IRQHandler                 0x080001f7   Thumb Code     0  startup_stm32f103xe.o(.text)
    DMA2_Channel3_IRQHandler                 0x080001f7   Thumb Code     0  startup_stm32f103xe.o(.text)
    DMA2_Channel4_5_IRQHandler               0x080001f7   Thumb Code     0  startup_stm32f103xe.o(.text)
    EXTI0_IRQHandler                         0x080001f7   Thumb Code     0  startup_stm32f103xe.o(.text)
    EXTI15_10_IRQHandler                     0x080001f7   Thumb Code     0  startup_stm32f103xe.o(.text)
    EXTI1_IRQHandler                         0x080001f7   Thumb Code     0  startup_stm32f103xe.o(.text)
    EXTI2_IRQHandler                         0x080001f7   Thumb Code     0  startup_stm32f103xe.o(.text)
    EXTI3_IRQHandler                         0x080001f7   Thumb Code     0  startup_stm32f103xe.o(.text)
    EXTI4_IRQHandler                         0x080001f7   Thumb Code     0  startup_stm32f103xe.o(.text)
    FLASH_IRQHandler                         0x080001f7   Thumb Code     0  startup_stm32f103xe.o(.text)
    FSMC_IRQHandler                          0x080001f7   Thumb Code     0  startup_stm32f103xe.o(.text)
    I2C1_ER_IRQHandler                       0x080001f7   Thumb Code     0  startup_stm32f103xe.o(.text)
    I2C1_EV_IRQHandler                       0x080001f7   Thumb Code     0  startup_stm32f103xe.o(.text)
    I2C2_ER_IRQHandler                       0x080001f7   Thumb Code     0  startup_stm32f103xe.o(.text)
    I2C2_EV_IRQHandler                       0x080001f7   Thumb Code     0  startup_stm32f103xe.o(.text)
    PVD_IRQHandler                           0x080001f7   Thumb Code     0  startup_stm32f103xe.o(.text)
    RCC_IRQHandler                           0x080001f7   Thumb Code     0  startup_stm32f103xe.o(.text)
    RTC_Alarm_IRQHandler                     0x080001f7   Thumb Code     0  startup_stm32f103xe.o(.text)
    RTC_IRQHandler                           0x080001f7   Thumb Code     0  startup_stm32f103xe.o(.text)
    SDIO_IRQHandler                          0x080001f7   Thumb Code     0  startup_stm32f103xe.o(.text)
    SPI1_IRQHandler                          0x080001f7   Thumb Code     0  startup_stm32f103xe.o(.text)
    SPI2_IRQHandler                          0x080001f7   Thumb Code     0  startup_stm32f103xe.o(.text)
    SPI3_IRQHandler                          0x080001f7   Thumb Code     0  startup_stm32f103xe.o(.text)
    TAMPER_IRQHandler                        0x080001f7   Thumb Code     0  startup_stm32f103xe.o(.text)
    TIM1_BRK_IRQHandler                      0x080001f7   Thumb Code     0  startup_stm32f103xe.o(.text)
    TIM1_CC_IRQHandler                       0x080001f7   Thumb Code     0  startup_stm32f103xe.o(.text)
    TIM1_TRG_COM_IRQHandler                  0x080001f7   Thumb Code     0  startup_stm32f103xe.o(.text)
    TIM1_UP_IRQHandler                       0x080001f7   Thumb Code     0  startup_stm32f103xe.o(.text)
    TIM2_IRQHandler                          0x080001f7   Thumb Code     0  startup_stm32f103xe.o(.text)
    TIM3_IRQHandler                          0x080001f7   Thumb Code     0  startup_stm32f103xe.o(.text)
    TIM6_IRQHandler                          0x080001f7   Thumb Code     0  startup_stm32f103xe.o(.text)
    TIM7_IRQHandler                          0x080001f7   Thumb Code     0  startup_stm32f103xe.o(.text)
    TIM8_BRK_IRQHandler                      0x080001f7   Thumb Code     0  startup_stm32f103xe.o(.text)
    TIM8_CC_IRQHandler                       0x080001f7   Thumb Code     0  startup_stm32f103xe.o(.text)
    TIM8_TRG_COM_IRQHandler                  0x080001f7   Thumb Code     0  startup_stm32f103xe.o(.text)
    TIM8_UP_IRQHandler                       0x080001f7   Thumb Code     0  startup_stm32f103xe.o(.text)
    UART4_IRQHandler                         0x080001f7   Thumb Code     0  startup_stm32f103xe.o(.text)
    UART5_IRQHandler                         0x080001f7   Thumb Code     0  startup_stm32f103xe.o(.text)
    USART2_IRQHandler                        0x080001f7   Thumb Code     0  startup_stm32f103xe.o(.text)
    USART3_IRQHandler                        0x080001f7   Thumb Code     0  startup_stm32f103xe.o(.text)
    USBWakeUp_IRQHandler                     0x080001f7   Thumb Code     0  startup_stm32f103xe.o(.text)
    USB_HP_CAN1_TX_IRQHandler                0x080001f7   Thumb Code     0  startup_stm32f103xe.o(.text)
    USB_LP_CAN1_RX0_IRQHandler               0x080001f7   Thumb Code     0  startup_stm32f103xe.o(.text)
    WWDG_IRQHandler                          0x080001f7   Thumb Code     0  startup_stm32f103xe.o(.text)
    __user_initial_stackheap                 0x080001f9   Thumb Code     0  startup_stm32f103xe.o(.text)
    __2printf                                0x0800021d   Thumb Code    20  noretval__2printf.o(.text)
    __aeabi_memclr4                          0x08000235   Thumb Code     0  rt_memclr_w.o(.text)
    __aeabi_memclr8                          0x08000235   Thumb Code     0  rt_memclr_w.o(.text)
    __rt_memclr_w                            0x08000235   Thumb Code    78  rt_memclr_w.o(.text)
    _memset_w                                0x08000239   Thumb Code     0  rt_memclr_w.o(.text)
    __use_two_region_memory                  0x08000283   Thumb Code     2  heapauxi.o(.text)
    __rt_heap_escrow                         0x08000285   Thumb Code     2  heapauxi.o(.text)
    __rt_heap_expand                         0x08000287   Thumb Code     2  heapauxi.o(.text)
    _printf_char_file                        0x08000289   Thumb Code    32  _printf_char_file.o(.text)
    _printf_char_common                      0x080002b7   Thumb Code    32  _printf_char_common.o(.text)
    ferror                                   0x080002dd   Thumb Code     8  ferror.o(.text)
    _initio                                  0x080002e5   Thumb Code   210  initio.o(.text)
    _terminateio                             0x080003b7   Thumb Code    56  initio.o(.text)
    _sys_open                                0x0800041d   Thumb Code    20  sys_io.o(.text)
    _sys_close                               0x08000431   Thumb Code    12  sys_io.o(.text)
    _sys_write                               0x0800043d   Thumb Code    16  sys_io.o(.text)
    _sys_read                                0x0800044d   Thumb Code    14  sys_io.o(.text)
    _sys_istty                               0x0800045b   Thumb Code    12  sys_io.o(.text)
    _sys_seek                                0x08000467   Thumb Code    14  sys_io.o(.text)
    _sys_ensure                              0x08000475   Thumb Code     2  sys_io.o(.text)
    _sys_flen                                0x08000477   Thumb Code    12  sys_io.o(.text)
    __user_setup_stackheap                   0x08000483   Thumb Code    74  sys_stackheap_outer.o(.text)
    free                                     0x080004cd   Thumb Code    78  h1_free.o(.text)
    __printf                                 0x0800051b   Thumb Code    40  __printf_nopercent.o(.text)
    setvbuf                                  0x08000543   Thumb Code    70  setvbuf.o(.text)
    freopen                                  0x08000589   Thumb Code   158  fopen.o(.text)
    fopen                                    0x08000627   Thumb Code    74  fopen.o(.text)
    _fclose_internal                         0x08000675   Thumb Code    76  fclose.o(.text)
    fclose                                   0x08000675   Thumb Code     0  fclose.o(.text)
    exit                                     0x080006c1   Thumb Code    18  exit.o(.text)
    __rt_SIGRTRED                            0x080006d3   Thumb Code    14  defsig_rtred_outer.o(.text)
    __user_libspace                          0x080006e1   Thumb Code     8  libspace.o(.text)
    __user_perproc_libspace                  0x080006e1   Thumb Code     0  libspace.o(.text)
    __user_perthread_libspace                0x080006e1   Thumb Code     0  libspace.o(.text)
    __I$use$semihosting                      0x080006e9   Thumb Code     0  use_no_semi.o(.text)
    __use_no_semihosting_swi                 0x080006e9   Thumb Code     2  use_no_semi.o(.text)
    __semihosting_library_function           0x080006eb   Thumb Code     0  indicate_semi.o(.text)
    __rt_heap_descriptor                     0x080006ed   Thumb Code     8  rt_heap_descriptor_intlibspace.o(.text)
    __use_no_heap                            0x080006f5   Thumb Code     2  hguard.o(.text)
    __heap$guard                             0x080006f7   Thumb Code     2  hguard.o(.text)
    _terminate_user_alloc                    0x080006f9   Thumb Code     2  init_alloc.o(.text)
    _init_user_alloc                         0x080006fb   Thumb Code     2  init_alloc.o(.text)
    __Heap_Full                              0x080006fd   Thumb Code    34  init_alloc.o(.text)
    __Heap_Broken                            0x0800071f   Thumb Code     6  init_alloc.o(.text)
    _init_alloc                              0x08000725   Thumb Code    94  init_alloc.o(.text)
    malloc                                   0x08000783   Thumb Code    94  h1_alloc.o(.text)
    _fseek                                   0x080007e1   Thumb Code   242  fseek.o(.text)
    fseek                                    0x080007e1   Thumb Code     0  fseek.o(.text)
    _seterr                                  0x080008d9   Thumb Code    20  stdio.o(.text)
    _writebuf                                0x080008ed   Thumb Code    84  stdio.o(.text)
    _fflush                                  0x08000941   Thumb Code    70  stdio.o(.text)
    _deferredlazyseek                        0x08000987   Thumb Code    60  stdio.o(.text)
    __sig_exit                               0x080009c9   Thumb Code    10  defsig_exit.o(.text)
    __rt_SIGRTRED_inner                      0x080009d5   Thumb Code    14  defsig_rtred_inner.o(.text)
    strlen                                   0x08000a09   Thumb Code    62  strlen.o(.text)
    _sys_exit                                0x08000a49   Thumb Code     8  sys_exit.o(.text)
    __Heap_Initialize                        0x08000a55   Thumb Code    10  h1_init.o(.text)
    __Heap_DescSize                          0x08000a5f   Thumb Code     4  h1_init.o(.text)
    __Heap_ProvideMemory                     0x08000a63   Thumb Code    52  h1_extend.o(.text)
    _ftell_internal                          0x08000a97   Thumb Code    66  ftell.o(.text)
    ftell                                    0x08000a97   Thumb Code     0  ftell.o(.text)
    __default_signal_display                 0x08000ad9   Thumb Code    50  defsig_general.o(.text)
    __rt_SIGRTMEM                            0x08000b0b   Thumb Code    14  defsig_rtmem_outer.o(.text)
    _ttywrch                                 0x08000b19   Thumb Code    14  sys_wrch.o(.text)
    __aeabi_errno_addr                       0x08000b29   Thumb Code     8  rt_errno_addr_intlibspace.o(.text)
    __errno$intlibspace                      0x08000b29   Thumb Code     0  rt_errno_addr_intlibspace.o(.text)
    __rt_errno_addr$intlibspace              0x08000b29   Thumb Code     0  rt_errno_addr_intlibspace.o(.text)
    __rt_SIGRTMEM_inner                      0x08000b31   Thumb Code    22  defsig_rtmem_inner.o(.text)
    BusFault_Handler                         0x08000b81   Thumb Code     4  stm32f1xx_it.o(i.BusFault_Handler)
    DebugMon_Handler                         0x08000b85   Thumb Code     2  stm32f1xx_it.o(i.DebugMon_Handler)
    EXTI9_5_IRQHandler                       0x08000b87   Thumb Code    16  stm32f1xx_it.o(i.EXTI9_5_IRQHandler)
    Error_Handler                            0x08000b97   Thumb Code     6  main.o(i.Error_Handler)
    HAL_DMA_Abort                            0x08000b9d   Thumb Code    86  stm32f1xx_hal_dma.o(i.HAL_DMA_Abort)
    HAL_DMA_Abort_IT                         0x08000bf5   Thumb Code   414  stm32f1xx_hal_dma.o(i.HAL_DMA_Abort_IT)
    HAL_GPIO_EXTI_Callback                   0x08000d9d   Thumb Code    60  control.o(i.HAL_GPIO_EXTI_Callback)
    HAL_GPIO_EXTI_IRQHandler                 0x08000de1   Thumb Code    24  stm32f1xx_hal_gpio.o(i.HAL_GPIO_EXTI_IRQHandler)
    HAL_GPIO_Init                            0x08000dfd   Thumb Code   792  stm32f1xx_hal_gpio.o(i.HAL_GPIO_Init)
    HAL_GPIO_WritePin                        0x0800113d   Thumb Code    12  stm32f1xx_hal_gpio.o(i.HAL_GPIO_WritePin)
    HAL_GetTick                              0x08001149   Thumb Code     6  stm32f1xx_hal.o(i.HAL_GetTick)
    HAL_IncTick                              0x08001155   Thumb Code    16  stm32f1xx_hal.o(i.HAL_IncTick)
    HAL_Init                                 0x0800116d   Thumb Code    34  stm32f1xx_hal.o(i.HAL_Init)
    HAL_InitTick                             0x08001195   Thumb Code    64  stm32f1xx_hal.o(i.HAL_InitTick)
    HAL_MspInit                              0x080011e1   Thumb Code    76  stm32f1xx_hal_msp.o(i.HAL_MspInit)
    HAL_NVIC_EnableIRQ                       0x08001235   Thumb Code    32  stm32f1xx_hal_cortex.o(i.HAL_NVIC_EnableIRQ)
    HAL_NVIC_SetPriority                     0x08001255   Thumb Code   124  stm32f1xx_hal_cortex.o(i.HAL_NVIC_SetPriority)
    HAL_NVIC_SetPriorityGrouping             0x080012d1   Thumb Code    32  stm32f1xx_hal_cortex.o(i.HAL_NVIC_SetPriorityGrouping)
    HAL_RCC_ClockConfig                      0x080012f9   Thumb Code   376  stm32f1xx_hal_rcc.o(i.HAL_RCC_ClockConfig)
    HAL_RCC_GetHCLKFreq                      0x08001485   Thumb Code     6  stm32f1xx_hal_rcc.o(i.HAL_RCC_GetHCLKFreq)
    HAL_RCC_GetPCLK1Freq                     0x08001491   Thumb Code    22  stm32f1xx_hal_rcc.o(i.HAL_RCC_GetPCLK1Freq)
    HAL_RCC_GetPCLK2Freq                     0x080014b1   Thumb Code    22  stm32f1xx_hal_rcc.o(i.HAL_RCC_GetPCLK2Freq)
    HAL_RCC_GetSysClockFreq                  0x080014d1   Thumb Code    92  stm32f1xx_hal_rcc.o(i.HAL_RCC_GetSysClockFreq)
    HAL_RCC_OscConfig                        0x08001541   Thumb Code  1114  stm32f1xx_hal_rcc.o(i.HAL_RCC_OscConfig)
    HAL_SYSTICK_Config                       0x080019a5   Thumb Code    52  stm32f1xx_hal_cortex.o(i.HAL_SYSTICK_Config)
    HAL_TIMEx_BreakCallback                  0x080019d9   Thumb Code     2  stm32f1xx_hal_tim_ex.o(i.HAL_TIMEx_BreakCallback)
    HAL_TIMEx_CommutCallback                 0x080019db   Thumb Code     2  stm32f1xx_hal_tim_ex.o(i.HAL_TIMEx_CommutCallback)
    HAL_TIMEx_MasterConfigSynchronization    0x080019dd   Thumb Code   134  stm32f1xx_hal_tim_ex.o(i.HAL_TIMEx_MasterConfigSynchronization)
    HAL_TIM_Base_Init                        0x08001a79   Thumb Code   102  stm32f1xx_hal_tim.o(i.HAL_TIM_Base_Init)
    HAL_TIM_Base_MspInit                     0x08001ae1   Thumb Code   184  tim.o(i.HAL_TIM_Base_MspInit)
    HAL_TIM_Base_Start_IT                    0x08001ba9   Thumb Code   122  stm32f1xx_hal_tim.o(i.HAL_TIM_Base_Start_IT)
    HAL_TIM_ConfigClockSource                0x08001c39   Thumb Code   268  stm32f1xx_hal_tim.o(i.HAL_TIM_ConfigClockSource)
    HAL_TIM_IC_CaptureCallback               0x08001d45   Thumb Code     2  stm32f1xx_hal_tim.o(i.HAL_TIM_IC_CaptureCallback)
    HAL_TIM_IRQHandler                       0x08001d47   Thumb Code   364  stm32f1xx_hal_tim.o(i.HAL_TIM_IRQHandler)
    HAL_TIM_MspPostInit                      0x08001eb5   Thumb Code   206  tim.o(i.HAL_TIM_MspPostInit)
    HAL_TIM_OC_DelayElapsedCallback          0x08001f9d   Thumb Code     2  stm32f1xx_hal_tim.o(i.HAL_TIM_OC_DelayElapsedCallback)
    HAL_TIM_PWM_ConfigChannel                0x08001f9f   Thumb Code   260  stm32f1xx_hal_tim.o(i.HAL_TIM_PWM_ConfigChannel)
    HAL_TIM_PWM_Init                         0x080020a3   Thumb Code   102  stm32f1xx_hal_tim.o(i.HAL_TIM_PWM_Init)
    HAL_TIM_PWM_MspInit                      0x08002109   Thumb Code     2  stm32f1xx_hal_tim.o(i.HAL_TIM_PWM_MspInit)
    HAL_TIM_PWM_PulseFinishedCallback        0x0800210d   Thumb Code   102  stm32f1xx_it.o(i.HAL_TIM_PWM_PulseFinishedCallback)
    HAL_TIM_PWM_Start                        0x08002185   Thumb Code   222  stm32f1xx_hal_tim.o(i.HAL_TIM_PWM_Start)
    HAL_TIM_PWM_Start_IT                     0x08002279   Thumb Code   304  stm32f1xx_hal_tim.o(i.HAL_TIM_PWM_Start_IT)
    HAL_TIM_PWM_Stop_IT                      0x080023bd   Thumb Code   244  stm32f1xx_hal_tim.o(i.HAL_TIM_PWM_Stop_IT)
    HAL_TIM_PeriodElapsedCallback            0x080024b9   Thumb Code     2  stm32f1xx_hal_tim.o(i.HAL_TIM_PeriodElapsedCallback)
    HAL_TIM_TriggerCallback                  0x080024bb   Thumb Code     2  stm32f1xx_hal_tim.o(i.HAL_TIM_TriggerCallback)
    HAL_UARTEx_RxEventCallback               0x080024bd   Thumb Code     2  stm32f1xx_hal_uart.o(i.HAL_UARTEx_RxEventCallback)
    HAL_UART_ErrorCallback                   0x080024bf   Thumb Code     2  stm32f1xx_hal_uart.o(i.HAL_UART_ErrorCallback)
    HAL_UART_IRQHandler                      0x080024c1   Thumb Code   736  stm32f1xx_hal_uart.o(i.HAL_UART_IRQHandler)
    HAL_UART_Init                            0x080027a5   Thumb Code   118  stm32f1xx_hal_uart.o(i.HAL_UART_Init)
    HAL_UART_MspInit                         0x0800281d   Thumb Code   240  usart.o(i.HAL_UART_MspInit)
    HAL_UART_Receive_IT                      0x0800291d   Thumb Code    44  stm32f1xx_hal_uart.o(i.HAL_UART_Receive_IT)
    HAL_UART_RxCpltCallback                  0x08002949   Thumb Code   110  stm32f1xx_it.o(i.HAL_UART_RxCpltCallback)
    HAL_UART_Transmit                        0x080029d1   Thumb Code   190  stm32f1xx_hal_uart.o(i.HAL_UART_Transmit)
    HAL_UART_TxCpltCallback                  0x08002a8f   Thumb Code     2  stm32f1xx_hal_uart.o(i.HAL_UART_TxCpltCallback)
    HardFault_Handler                        0x08002a91   Thumb Code     4  stm32f1xx_it.o(i.HardFault_Handler)
    MX_GPIO_Init                             0x08002a95   Thumb Code   256  gpio.o(i.MX_GPIO_Init)
    MX_TIM2_Init                             0x08002ba5   Thumb Code   158  tim.o(i.MX_TIM2_Init)
    MX_TIM3_Init                             0x08002c49   Thumb Code   170  tim.o(i.MX_TIM3_Init)
    MX_TIM4_Init                             0x08002cfd   Thumb Code   154  tim.o(i.MX_TIM4_Init)
    MX_TIM5_Init                             0x08002da1   Thumb Code   104  tim.o(i.MX_TIM5_Init)
    MX_USART1_UART_Init                      0x08002e11   Thumb Code    46  usart.o(i.MX_USART1_UART_Init)
    MX_USART2_UART_Init                      0x08002e49   Thumb Code    46  usart.o(i.MX_USART2_UART_Init)
    MemManage_Handler                        0x08002e81   Thumb Code     4  stm32f1xx_it.o(i.MemManage_Handler)
    Motor1_course                            0x08002e85   Thumb Code    36  control.o(i.Motor1_course)
    Motor1_disable                           0x08002ead   Thumb Code    12  control.o(i.Motor1_disable)
    Motor1_enable                            0x08002ebd   Thumb Code    12  control.o(i.Motor1_enable)
    Motor2_course                            0x08002ecd   Thumb Code    34  control.o(i.Motor2_course)
    Motor2_disable                           0x08002ef5   Thumb Code    12  control.o(i.Motor2_disable)
    Motor4_course                            0x08002f05   Thumb Code    36  control.o(i.Motor4_course)
    Motor4_disable                           0x08002f2d   Thumb Code    14  control.o(i.Motor4_disable)
    NMI_Handler                              0x08002f41   Thumb Code     4  stm32f1xx_it.o(i.NMI_Handler)
    PendSV_Handler                           0x08002f45   Thumb Code     2  stm32f1xx_it.o(i.PendSV_Handler)
    SVC_Handler                              0x08002f71   Thumb Code     2  stm32f1xx_it.o(i.SVC_Handler)
    SysTick_Handler                          0x08002f73   Thumb Code     8  stm32f1xx_it.o(i.SysTick_Handler)
    SystemClock_Config                       0x08002f7b   Thumb Code   102  main.o(i.SystemClock_Config)
    SystemInit                               0x08002fe1   Thumb Code     2  system_stm32f1xx.o(i.SystemInit)
    TIM4_IRQHandler                          0x08002fe5   Thumb Code    10  stm32f1xx_it.o(i.TIM4_IRQHandler)
    TIM5_IRQHandler                          0x08002ff5   Thumb Code    10  stm32f1xx_it.o(i.TIM5_IRQHandler)
    TIM_Base_SetConfig                       0x08003005   Thumb Code   150  stm32f1xx_hal_tim.o(i.TIM_Base_SetConfig)
    TIM_CCxChannelCmd                        0x080030b1   Thumb Code    34  stm32f1xx_hal_tim.o(i.TIM_CCxChannelCmd)
    TIM_ETR_SetConfig                        0x080030d3   Thumb Code    22  stm32f1xx_hal_tim.o(i.TIM_ETR_SetConfig)
    TIM_OC2_SetConfig                        0x0800316d   Thumb Code   114  stm32f1xx_hal_tim.o(i.TIM_OC2_SetConfig)
    UART_Start_Receive_IT                    0x0800359d   Thumb Code    64  stm32f1xx_hal_uart.o(i.UART_Start_Receive_IT)
    USART1_IRQHandler                        0x080036c9   Thumb Code    10  stm32f1xx_it.o(i.USART1_IRQHandler)
    UsageFault_Handler                       0x080036d9   Thumb Code     4  stm32f1xx_it.o(i.UsageFault_Handler)
    fputc                                    0x08003715   Thumb Code    22  usart.o(i.fputc)
    main                                     0x08003731   Thumb Code   132  main.o(i.main)
    AHBPrescTable                            0x080037e6   Data          16  system_stm32f1xx.o(.constdata)
    APBPrescTable                            0x080037f6   Data           8  system_stm32f1xx.o(.constdata)
    __stdin_name                             0x080037fe   Data           4  sys_io.o(.constdata)
    __stdout_name                            0x08003802   Data           4  sys_io.o(.constdata)
    __stderr_name                            0x08003806   Data           4  sys_io.o(.constdata)
    Region$$Table$$Base                      0x0800380c   Number         0  anon$$obj.o(Region$$Table)
    Region$$Table$$Limit                     0x0800382c   Number         0  anon$$obj.o(Region$$Table)
    m                                        0x20000000   Data           1  main.o(.data)
    red                                      0x20000001   Data           1  main.o(.data)
    PWM_num4                                 0x20000004   Data           4  stm32f1xx_it.o(.data)
    mai4                                     0x20000008   Data           4  stm32f1xx_it.o(.data)
    mubiao4                                  0x2000000c   Data           4  stm32f1xx_it.o(.data)
    rxBuffer                                 0x20000010   Data           5  stm32f1xx_it.o(.data)
    rxIndex                                  0x20000015   Data           1  stm32f1xx_it.o(.data)
    rxState                                  0x20000016   Data           1  stm32f1xx_it.o(.data)
    rxData                                   0x20000017   Data           1  stm32f1xx_it.o(.data)
    uwTick                                   0x20000018   Data           4  stm32f1xx_hal.o(.data)
    uwTickPrio                               0x2000001c   Data           4  stm32f1xx_hal.o(.data)
    uwTickFreq                               0x20000020   Data           1  stm32f1xx_hal.o(.data)
    SystemCoreClock                          0x20000024   Data           4  system_stm32f1xx.o(.data)
    __aeabi_stdin                            0x20000028   Data           4  stdio_streams.o(.data)
    __aeabi_stdout                           0x2000002c   Data           4  stdio_streams.o(.data)
    __aeabi_stderr                           0x20000030   Data           4  stdio_streams.o(.data)
    htim2                                    0x20000034   Data          72  tim.o(.bss)
    htim3                                    0x2000007c   Data          72  tim.o(.bss)
    htim4                                    0x200000c4   Data          72  tim.o(.bss)
    htim5                                    0x2000010c   Data          72  tim.o(.bss)
    huart1                                   0x20000154   Data          72  usart.o(.bss)
    huart2                                   0x2000019c   Data          72  usart.o(.bss)
    __stdin                                  0x200001e4   Data          84  stdio_streams.o(.bss)
    __stdout                                 0x20000238   Data          84  stdio_streams.o(.bss)
    __stderr                                 0x2000028c   Data          84  stdio_streams.o(.bss)
    __libspace_start                         0x200002e0   Data          96  libspace.o(.bss)
    __temporary_stack_top$libspace           0x20000340   Data           0  libspace.o(.bss)



==============================================================================

Memory Map of the image

  Image Entry point : 0x08000131

  Load Region LR_IROM1 (Base: 0x08000000, Size: 0x00003860, Max: 0x00040000, ABSOLUTE)

    Execution Region ER_IROM1 (Exec base: 0x08000000, Load base: 0x08000000, Size: 0x0000382c, Max: 0x00040000, ABSOLUTE)

    Exec Addr    Load Addr    Size         Type   Attr      Idx    E Section Name        Object

    0x08000000   0x08000000   0x00000130   Data   RO            3    RESET               startup_stm32f103xe.o
    0x08000130   0x08000130   0x00000008   Code   RO         2992  * !!!main             c_w.l(__main.o)
    0x08000138   0x08000138   0x00000034   Code   RO         3310    !!!scatter          c_w.l(__scatter.o)
    0x0800016c   0x0800016c   0x0000001a   Code   RO         3312    !!handler_copy      c_w.l(__scatter_copy.o)
    0x08000186   0x08000186   0x00000002   PAD
    0x08000188   0x08000188   0x0000001c   Code   RO         3314    !!handler_zi        c_w.l(__scatter_zi.o)
    0x080001a4   0x080001a4   0x00000002   Code   RO         3117    .ARM.Collect$$libinit$$00000000  c_w.l(libinit.o)
    0x080001a6   0x080001a6   0x00000000   Code   RO         3119    .ARM.Collect$$libinit$$00000002  c_w.l(libinit2.o)
    0x080001a6   0x080001a6   0x00000000   Code   RO         3121    .ARM.Collect$$libinit$$00000004  c_w.l(libinit2.o)
    0x080001a6   0x080001a6   0x00000008   Code   RO         3122    .ARM.Collect$$libinit$$00000005  c_w.l(libinit2.o)
    0x080001ae   0x080001ae   0x00000000   Code   RO         3124    .ARM.Collect$$libinit$$0000000A  c_w.l(libinit2.o)
    0x080001ae   0x080001ae   0x00000000   Code   RO         3126    .ARM.Collect$$libinit$$0000000C  c_w.l(libinit2.o)
    0x080001ae   0x080001ae   0x00000000   Code   RO         3128    .ARM.Collect$$libinit$$0000000E  c_w.l(libinit2.o)
    0x080001ae   0x080001ae   0x00000000   Code   RO         3131    .ARM.Collect$$libinit$$00000011  c_w.l(libinit2.o)
    0x080001ae   0x080001ae   0x00000000   Code   RO         3133    .ARM.Collect$$libinit$$00000013  c_w.l(libinit2.o)
    0x080001ae   0x080001ae   0x00000000   Code   RO         3135    .ARM.Collect$$libinit$$00000015  c_w.l(libinit2.o)
    0x080001ae   0x080001ae   0x00000000   Code   RO         3137    .ARM.Collect$$libinit$$00000017  c_w.l(libinit2.o)
    0x080001ae   0x080001ae   0x00000000   Code   RO         3139    .ARM.Collect$$libinit$$00000019  c_w.l(libinit2.o)
    0x080001ae   0x080001ae   0x00000000   Code   RO         3141    .ARM.Collect$$libinit$$0000001B  c_w.l(libinit2.o)
    0x080001ae   0x080001ae   0x00000000   Code   RO         3143    .ARM.Collect$$libinit$$0000001D  c_w.l(libinit2.o)
    0x080001ae   0x080001ae   0x00000000   Code   RO         3145    .ARM.Collect$$libinit$$0000001F  c_w.l(libinit2.o)
    0x080001ae   0x080001ae   0x00000000   Code   RO         3147    .ARM.Collect$$libinit$$00000021  c_w.l(libinit2.o)
    0x080001ae   0x080001ae   0x00000000   Code   RO         3149    .ARM.Collect$$libinit$$00000023  c_w.l(libinit2.o)
    0x080001ae   0x080001ae   0x00000004   Code   RO         3150    .ARM.Collect$$libinit$$00000024  c_w.l(libinit2.o)
    0x080001b2   0x080001b2   0x00000000   Code   RO         3151    .ARM.Collect$$libinit$$00000025  c_w.l(libinit2.o)
    0x080001b2   0x080001b2   0x00000000   Code   RO         3155    .ARM.Collect$$libinit$$0000002C  c_w.l(libinit2.o)
    0x080001b2   0x080001b2   0x00000000   Code   RO         3157    .ARM.Collect$$libinit$$0000002E  c_w.l(libinit2.o)
    0x080001b2   0x080001b2   0x00000000   Code   RO         3159    .ARM.Collect$$libinit$$00000030  c_w.l(libinit2.o)
    0x080001b2   0x080001b2   0x00000000   Code   RO         3161    .ARM.Collect$$libinit$$00000032  c_w.l(libinit2.o)
    0x080001b2   0x080001b2   0x00000002   Code   RO         3162    .ARM.Collect$$libinit$$00000033  c_w.l(libinit2.o)
    0x080001b4   0x080001b4   0x00000002   Code   RO         3289    .ARM.Collect$$libshutdown$$00000000  c_w.l(libshutdown.o)
    0x080001b6   0x080001b6   0x00000000   Code   RO         3164    .ARM.Collect$$libshutdown$$00000002  c_w.l(libshutdown2.o)
    0x080001b6   0x080001b6   0x00000004   Code   RO         3165    .ARM.Collect$$libshutdown$$00000003  c_w.l(libshutdown2.o)
    0x080001ba   0x080001ba   0x00000000   Code   RO         3166    .ARM.Collect$$libshutdown$$00000004  c_w.l(libshutdown2.o)
    0x080001ba   0x080001ba   0x00000000   Code   RO         3169    .ARM.Collect$$libshutdown$$00000007  c_w.l(libshutdown2.o)
    0x080001ba   0x080001ba   0x00000000   Code   RO         3172    .ARM.Collect$$libshutdown$$0000000A  c_w.l(libshutdown2.o)
    0x080001ba   0x080001ba   0x00000000   Code   RO         3174    .ARM.Collect$$libshutdown$$0000000C  c_w.l(libshutdown2.o)
    0x080001ba   0x080001ba   0x00000000   Code   RO         3177    .ARM.Collect$$libshutdown$$0000000F  c_w.l(libshutdown2.o)
    0x080001ba   0x080001ba   0x00000002   Code   RO         3178    .ARM.Collect$$libshutdown$$00000010  c_w.l(libshutdown2.o)
    0x080001bc   0x080001bc   0x00000000   Code   RO         2994    .ARM.Collect$$rtentry$$00000000  c_w.l(__rtentry.o)
    0x080001bc   0x080001bc   0x00000000   Code   RO         3004    .ARM.Collect$$rtentry$$00000002  c_w.l(__rtentry2.o)
    0x080001bc   0x080001bc   0x00000006   Code   RO         3016    .ARM.Collect$$rtentry$$00000004  c_w.l(__rtentry4.o)
    0x080001c2   0x080001c2   0x00000000   Code   RO         3006    .ARM.Collect$$rtentry$$00000009  c_w.l(__rtentry2.o)
    0x080001c2   0x080001c2   0x00000004   Code   RO         3007    .ARM.Collect$$rtentry$$0000000A  c_w.l(__rtentry2.o)
    0x080001c6   0x080001c6   0x00000000   Code   RO         3009    .ARM.Collect$$rtentry$$0000000C  c_w.l(__rtentry2.o)
    0x080001c6   0x080001c6   0x00000008   Code   RO         3010    .ARM.Collect$$rtentry$$0000000D  c_w.l(__rtentry2.o)
    0x080001ce   0x080001ce   0x00000002   Code   RO         3185    .ARM.Collect$$rtexit$$00000000  c_w.l(rtexit.o)
    0x080001d0   0x080001d0   0x00000000   Code   RO         3235    .ARM.Collect$$rtexit$$00000002  c_w.l(rtexit2.o)
    0x080001d0   0x080001d0   0x00000004   Code   RO         3236    .ARM.Collect$$rtexit$$00000003  c_w.l(rtexit2.o)
    0x080001d4   0x080001d4   0x00000006   Code   RO         3237    .ARM.Collect$$rtexit$$00000004  c_w.l(rtexit2.o)
    0x080001da   0x080001da   0x00000002   PAD
    0x080001dc   0x080001dc   0x00000000   Code   RO         3241    .emb_text           c_w.l(maybetermalloc1.o)
    0x080001dc   0x080001dc   0x00000040   Code   RO            4    .text               startup_stm32f103xe.o
    0x0800021c   0x0800021c   0x00000018   Code   RO         2986    .text               c_w.l(noretval__2printf.o)
    0x08000234   0x08000234   0x0000004e   Code   RO         2988    .text               c_w.l(rt_memclr_w.o)
    0x08000282   0x08000282   0x00000006   Code   RO         2990    .text               c_w.l(heapauxi.o)
    0x08000288   0x08000288   0x00000024   Code   RO         2995    .text               c_w.l(_printf_char_file.o)
    0x080002ac   0x080002ac   0x00000030   Code   RO         3018    .text               c_w.l(_printf_char_common.o)
    0x080002dc   0x080002dc   0x00000008   Code   RO         3020    .text               c_w.l(ferror.o)
    0x080002e4   0x080002e4   0x00000138   Code   RO         3022    .text               c_w.l(initio.o)
    0x0800041c   0x0800041c   0x00000066   Code   RO         3028    .text               c_w.l(sys_io.o)
    0x08000482   0x08000482   0x0000004a   Code   RO         3035    .text               c_w.l(sys_stackheap_outer.o)
    0x080004cc   0x080004cc   0x0000004e   Code   RO         3039    .text               c_w.l(h1_free.o)
    0x0800051a   0x0800051a   0x00000028   Code   RO         3093    .text               c_w.l(__printf_nopercent.o)
    0x08000542   0x08000542   0x00000046   Code   RO         3095    .text               c_w.l(setvbuf.o)
    0x08000588   0x08000588   0x000000ec   Code   RO         3098    .text               c_w.l(fopen.o)
    0x08000674   0x08000674   0x0000004c   Code   RO         3100    .text               c_w.l(fclose.o)
    0x080006c0   0x080006c0   0x00000012   Code   RO         3106    .text               c_w.l(exit.o)
    0x080006d2   0x080006d2   0x0000000e   Code   RO         3108    .text               c_w.l(defsig_rtred_outer.o)
    0x080006e0   0x080006e0   0x00000008   Code   RO         3179    .text               c_w.l(libspace.o)
    0x080006e8   0x080006e8   0x00000002   Code   RO         3182    .text               c_w.l(use_no_semi.o)
    0x080006ea   0x080006ea   0x00000000   Code   RO         3184    .text               c_w.l(indicate_semi.o)
    0x080006ea   0x080006ea   0x00000002   PAD
    0x080006ec   0x080006ec   0x00000008   Code   RO         3192    .text               c_w.l(rt_heap_descriptor_intlibspace.o)
    0x080006f4   0x080006f4   0x00000004   Code   RO         3194    .text               c_w.l(hguard.o)
    0x080006f8   0x080006f8   0x0000008a   Code   RO         3196    .text               c_w.l(init_alloc.o)
    0x08000782   0x08000782   0x0000005e   Code   RO         3202    .text               c_w.l(h1_alloc.o)
    0x080007e0   0x080007e0   0x000000f8   Code   RO         3216    .text               c_w.l(fseek.o)
    0x080008d8   0x080008d8   0x000000f0   Code   RO         3218    .text               c_w.l(stdio.o)
    0x080009c8   0x080009c8   0x0000000a   Code   RO         3220    .text               c_w.l(defsig_exit.o)
    0x080009d2   0x080009d2   0x00000002   PAD
    0x080009d4   0x080009d4   0x00000034   Code   RO         3222    .text               c_w.l(defsig_rtred_inner.o)
    0x08000a08   0x08000a08   0x0000003e   Code   RO         3224    .text               c_w.l(strlen.o)
    0x08000a46   0x08000a46   0x00000002   PAD
    0x08000a48   0x08000a48   0x0000000c   Code   RO         3232    .text               c_w.l(sys_exit.o)
    0x08000a54   0x08000a54   0x0000000e   Code   RO         3243    .text               c_w.l(h1_init.o)
    0x08000a62   0x08000a62   0x00000034   Code   RO         3245    .text               c_w.l(h1_extend.o)
    0x08000a96   0x08000a96   0x00000042   Code   RO         3251    .text               c_w.l(ftell.o)
    0x08000ad8   0x08000ad8   0x00000032   Code   RO         3255    .text               c_w.l(defsig_general.o)
    0x08000b0a   0x08000b0a   0x0000000e   Code   RO         3257    .text               c_w.l(defsig_rtmem_outer.o)
    0x08000b18   0x08000b18   0x0000000e   Code   RO         3270    .text               c_w.l(sys_wrch.o)
    0x08000b26   0x08000b26   0x00000002   PAD
    0x08000b28   0x08000b28   0x00000008   Code   RO         3277    .text               c_w.l(rt_errno_addr_intlibspace.o)
    0x08000b30   0x08000b30   0x00000050   Code   RO         3283    .text               c_w.l(defsig_rtmem_inner.o)
    0x08000b80   0x08000b80   0x00000004   Code   RO          303    i.BusFault_Handler  stm32f1xx_it.o
    0x08000b84   0x08000b84   0x00000002   Code   RO          304    i.DebugMon_Handler  stm32f1xx_it.o
    0x08000b86   0x08000b86   0x00000010   Code   RO          305    i.EXTI9_5_IRQHandler  stm32f1xx_it.o
    0x08000b96   0x08000b96   0x00000006   Code   RO           13    i.Error_Handler     main.o
    0x08000b9c   0x08000b9c   0x00000056   Code   RO         1848    i.HAL_DMA_Abort     stm32f1xx_hal_dma.o
    0x08000bf2   0x08000bf2   0x00000002   PAD
    0x08000bf4   0x08000bf4   0x000001a8   Code   RO         1849    i.HAL_DMA_Abort_IT  stm32f1xx_hal_dma.o
    0x08000d9c   0x08000d9c   0x00000044   Code   RO         2880    i.HAL_GPIO_EXTI_Callback  control.o
    0x08000de0   0x08000de0   0x0000001c   Code   RO         1783    i.HAL_GPIO_EXTI_IRQHandler  stm32f1xx_hal_gpio.o
    0x08000dfc   0x08000dfc   0x00000340   Code   RO         1784    i.HAL_GPIO_Init     stm32f1xx_hal_gpio.o
    0x0800113c   0x0800113c   0x0000000c   Code   RO         1788    i.HAL_GPIO_WritePin  stm32f1xx_hal_gpio.o
    0x08001148   0x08001148   0x0000000c   Code   RO         1473    i.HAL_GetTick       stm32f1xx_hal.o
    0x08001154   0x08001154   0x00000018   Code   RO         1479    i.HAL_IncTick       stm32f1xx_hal.o
    0x0800116c   0x0800116c   0x00000028   Code   RO         1480    i.HAL_Init          stm32f1xx_hal.o
    0x08001194   0x08001194   0x0000004c   Code   RO         1481    i.HAL_InitTick      stm32f1xx_hal.o
    0x080011e0   0x080011e0   0x00000054   Code   RO          418    i.HAL_MspInit       stm32f1xx_hal_msp.o
    0x08001234   0x08001234   0x00000020   Code   RO         1944    i.HAL_NVIC_EnableIRQ  stm32f1xx_hal_cortex.o
    0x08001254   0x08001254   0x0000007c   Code   RO         1950    i.HAL_NVIC_SetPriority  stm32f1xx_hal_cortex.o
    0x080012d0   0x080012d0   0x00000028   Code   RO         1951    i.HAL_NVIC_SetPriorityGrouping  stm32f1xx_hal_cortex.o
    0x080012f8   0x080012f8   0x0000018c   Code   RO         1637    i.HAL_RCC_ClockConfig  stm32f1xx_hal_rcc.o
    0x08001484   0x08001484   0x0000000c   Code   RO         1642    i.HAL_RCC_GetHCLKFreq  stm32f1xx_hal_rcc.o
    0x08001490   0x08001490   0x00000020   Code   RO         1644    i.HAL_RCC_GetPCLK1Freq  stm32f1xx_hal_rcc.o
    0x080014b0   0x080014b0   0x00000020   Code   RO         1645    i.HAL_RCC_GetPCLK2Freq  stm32f1xx_hal_rcc.o
    0x080014d0   0x080014d0   0x00000070   Code   RO         1646    i.HAL_RCC_GetSysClockFreq  stm32f1xx_hal_rcc.o
    0x08001540   0x08001540   0x00000464   Code   RO         1649    i.HAL_RCC_OscConfig  stm32f1xx_hal_rcc.o
    0x080019a4   0x080019a4   0x00000034   Code   RO         1955    i.HAL_SYSTICK_Config  stm32f1xx_hal_cortex.o
    0x080019d8   0x080019d8   0x00000002   Code   RO         1195    i.HAL_TIMEx_BreakCallback  stm32f1xx_hal_tim_ex.o
    0x080019da   0x080019da   0x00000002   Code   RO         1196    i.HAL_TIMEx_CommutCallback  stm32f1xx_hal_tim_ex.o
    0x080019dc   0x080019dc   0x0000009c   Code   RO         1214    i.HAL_TIMEx_MasterConfigSynchronization  stm32f1xx_hal_tim_ex.o
    0x08001a78   0x08001a78   0x00000066   Code   RO          480    i.HAL_TIM_Base_Init  stm32f1xx_hal_tim.o
    0x08001ade   0x08001ade   0x00000002   PAD
    0x08001ae0   0x08001ae0   0x000000c8   Code   RO          184    i.HAL_TIM_Base_MspInit  tim.o
    0x08001ba8   0x08001ba8   0x00000090   Code   RO          485    i.HAL_TIM_Base_Start_IT  stm32f1xx_hal_tim.o
    0x08001c38   0x08001c38   0x0000010c   Code   RO          489    i.HAL_TIM_ConfigClockSource  stm32f1xx_hal_tim.o
    0x08001d44   0x08001d44   0x00000002   Code   RO          514    i.HAL_TIM_IC_CaptureCallback  stm32f1xx_hal_tim.o
    0x08001d46   0x08001d46   0x0000016c   Code   RO          528    i.HAL_TIM_IRQHandler  stm32f1xx_hal_tim.o
    0x08001eb2   0x08001eb2   0x00000002   PAD
    0x08001eb4   0x08001eb4   0x000000e8   Code   RO          185    i.HAL_TIM_MspPostInit  tim.o
    0x08001f9c   0x08001f9c   0x00000002   Code   RO          531    i.HAL_TIM_OC_DelayElapsedCallback  stm32f1xx_hal_tim.o
    0x08001f9e   0x08001f9e   0x00000104   Code   RO          552    i.HAL_TIM_PWM_ConfigChannel  stm32f1xx_hal_tim.o
    0x080020a2   0x080020a2   0x00000066   Code   RO          555    i.HAL_TIM_PWM_Init  stm32f1xx_hal_tim.o
    0x08002108   0x08002108   0x00000002   Code   RO          557    i.HAL_TIM_PWM_MspInit  stm32f1xx_hal_tim.o
    0x0800210a   0x0800210a   0x00000002   PAD
    0x0800210c   0x0800210c   0x00000078   Code   RO          306    i.HAL_TIM_PWM_PulseFinishedCallback  stm32f1xx_it.o
    0x08002184   0x08002184   0x000000f4   Code   RO          560    i.HAL_TIM_PWM_Start  stm32f1xx_hal_tim.o
    0x08002278   0x08002278   0x00000144   Code   RO          562    i.HAL_TIM_PWM_Start_IT  stm32f1xx_hal_tim.o
    0x080023bc   0x080023bc   0x000000fc   Code   RO          565    i.HAL_TIM_PWM_Stop_IT  stm32f1xx_hal_tim.o
    0x080024b8   0x080024b8   0x00000002   Code   RO          566    i.HAL_TIM_PeriodElapsedCallback  stm32f1xx_hal_tim.o
    0x080024ba   0x080024ba   0x00000002   Code   RO          571    i.HAL_TIM_TriggerCallback  stm32f1xx_hal_tim.o
    0x080024bc   0x080024bc   0x00000002   Code   RO         2482    i.HAL_UARTEx_RxEventCallback  stm32f1xx_hal_uart.o
    0x080024be   0x080024be   0x00000002   Code   RO         2496    i.HAL_UART_ErrorCallback  stm32f1xx_hal_uart.o
    0x080024c0   0x080024c0   0x000002e4   Code   RO         2499    i.HAL_UART_IRQHandler  stm32f1xx_hal_uart.o
    0x080027a4   0x080027a4   0x00000076   Code   RO         2500    i.HAL_UART_Init     stm32f1xx_hal_uart.o
    0x0800281a   0x0800281a   0x00000002   PAD
    0x0800281c   0x0800281c   0x00000100   Code   RO          250    i.HAL_UART_MspInit  usart.o
    0x0800291c   0x0800291c   0x0000002c   Code   RO         2505    i.HAL_UART_Receive_IT  stm32f1xx_hal_uart.o
    0x08002948   0x08002948   0x00000088   Code   RO          307    i.HAL_UART_RxCpltCallback  stm32f1xx_it.o
    0x080029d0   0x080029d0   0x000000be   Code   RO         2508    i.HAL_UART_Transmit  stm32f1xx_hal_uart.o
    0x08002a8e   0x08002a8e   0x00000002   Code   RO         2511    i.HAL_UART_TxCpltCallback  stm32f1xx_hal_uart.o
    0x08002a90   0x08002a90   0x00000004   Code   RO          308    i.HardFault_Handler  stm32f1xx_it.o
    0x08002a94   0x08002a94   0x00000110   Code   RO          159    i.MX_GPIO_Init      gpio.o
    0x08002ba4   0x08002ba4   0x000000a4   Code   RO          186    i.MX_TIM2_Init      tim.o
    0x08002c48   0x08002c48   0x000000b4   Code   RO          187    i.MX_TIM3_Init      tim.o
    0x08002cfc   0x08002cfc   0x000000a4   Code   RO          188    i.MX_TIM4_Init      tim.o
    0x08002da0   0x08002da0   0x00000070   Code   RO          189    i.MX_TIM5_Init      tim.o
    0x08002e10   0x08002e10   0x00000038   Code   RO          251    i.MX_USART1_UART_Init  usart.o
    0x08002e48   0x08002e48   0x00000038   Code   RO          252    i.MX_USART2_UART_Init  usart.o
    0x08002e80   0x08002e80   0x00000004   Code   RO          309    i.MemManage_Handler  stm32f1xx_it.o
    0x08002e84   0x08002e84   0x00000028   Code   RO         2881    i.Motor1_course     control.o
    0x08002eac   0x08002eac   0x00000010   Code   RO         2882    i.Motor1_disable    control.o
    0x08002ebc   0x08002ebc   0x00000010   Code   RO         2883    i.Motor1_enable     control.o
    0x08002ecc   0x08002ecc   0x00000028   Code   RO         2884    i.Motor2_course     control.o
    0x08002ef4   0x08002ef4   0x00000010   Code   RO         2885    i.Motor2_disable    control.o
    0x08002f04   0x08002f04   0x00000028   Code   RO         2887    i.Motor4_course     control.o
    0x08002f2c   0x08002f2c   0x00000014   Code   RO         2888    i.Motor4_disable    control.o
    0x08002f40   0x08002f40   0x00000004   Code   RO          310    i.NMI_Handler       stm32f1xx_it.o
    0x08002f44   0x08002f44   0x00000002   Code   RO          311    i.PendSV_Handler    stm32f1xx_it.o
    0x08002f46   0x08002f46   0x00000002   PAD
    0x08002f48   0x08002f48   0x00000028   Code   RO         1650    i.RCC_Delay         stm32f1xx_hal_rcc.o
    0x08002f70   0x08002f70   0x00000002   Code   RO          312    i.SVC_Handler       stm32f1xx_it.o
    0x08002f72   0x08002f72   0x00000008   Code   RO          313    i.SysTick_Handler   stm32f1xx_it.o
    0x08002f7a   0x08002f7a   0x00000066   Code   RO           14    i.SystemClock_Config  main.o
    0x08002fe0   0x08002fe0   0x00000002   Code   RO         2844    i.SystemInit        system_stm32f1xx.o
    0x08002fe2   0x08002fe2   0x00000002   PAD
    0x08002fe4   0x08002fe4   0x00000010   Code   RO          314    i.TIM4_IRQHandler   stm32f1xx_it.o
    0x08002ff4   0x08002ff4   0x00000010   Code   RO          315    i.TIM5_IRQHandler   stm32f1xx_it.o
    0x08003004   0x08003004   0x000000ac   Code   RO          573    i.TIM_Base_SetConfig  stm32f1xx_hal_tim.o
    0x080030b0   0x080030b0   0x00000022   Code   RO          574    i.TIM_CCxChannelCmd  stm32f1xx_hal_tim.o
    0x080030d2   0x080030d2   0x00000016   Code   RO          584    i.TIM_ETR_SetConfig  stm32f1xx_hal_tim.o
    0x080030e8   0x080030e8   0x00000012   Code   RO          585    i.TIM_ITRx_SetConfig  stm32f1xx_hal_tim.o
    0x080030fa   0x080030fa   0x00000002   PAD
    0x080030fc   0x080030fc   0x00000070   Code   RO          586    i.TIM_OC1_SetConfig  stm32f1xx_hal_tim.o
    0x0800316c   0x0800316c   0x0000007c   Code   RO          587    i.TIM_OC2_SetConfig  stm32f1xx_hal_tim.o
    0x080031e8   0x080031e8   0x00000078   Code   RO          588    i.TIM_OC3_SetConfig  stm32f1xx_hal_tim.o
    0x08003260   0x08003260   0x00000054   Code   RO          589    i.TIM_OC4_SetConfig  stm32f1xx_hal_tim.o
    0x080032b4   0x080032b4   0x00000026   Code   RO          591    i.TIM_TI1_ConfigInputStage  stm32f1xx_hal_tim.o
    0x080032da   0x080032da   0x00000028   Code   RO          593    i.TIM_TI2_ConfigInputStage  stm32f1xx_hal_tim.o
    0x08003302   0x08003302   0x00000014   Code   RO         2513    i.UART_DMAAbortOnError  stm32f1xx_hal_uart.o
    0x08003316   0x08003316   0x0000006c   Code   RO         2523    i.UART_EndRxTransfer  stm32f1xx_hal_uart.o
    0x08003382   0x08003382   0x00000020   Code   RO         2524    i.UART_EndTransmit_IT  stm32f1xx_hal_uart.o
    0x080033a2   0x080033a2   0x000000fc   Code   RO         2526    i.UART_Receive_IT   stm32f1xx_hal_uart.o
    0x0800349e   0x0800349e   0x00000002   PAD
    0x080034a0   0x080034a0   0x000000fc   Code   RO         2527    i.UART_SetConfig    stm32f1xx_hal_uart.o
    0x0800359c   0x0800359c   0x00000040   Code   RO         2529    i.UART_Start_Receive_IT  stm32f1xx_hal_uart.o
    0x080035dc   0x080035dc   0x00000060   Code   RO         2530    i.UART_Transmit_IT  stm32f1xx_hal_uart.o
    0x0800363c   0x0800363c   0x0000008c   Code   RO         2531    i.UART_WaitOnFlagUntilTimeout  stm32f1xx_hal_uart.o
    0x080036c8   0x080036c8   0x00000010   Code   RO          316    i.USART1_IRQHandler  stm32f1xx_it.o
    0x080036d8   0x080036d8   0x00000004   Code   RO          317    i.UsageFault_Handler  stm32f1xx_it.o
    0x080036dc   0x080036dc   0x00000010   Code   RO         1957    i.__NVIC_GetPriorityGrouping  stm32f1xx_hal_cortex.o
    0x080036ec   0x080036ec   0x00000028   Code   RO         1958    i.__NVIC_SetPriority  stm32f1xx_hal_cortex.o
    0x08003714   0x08003714   0x0000001c   Code   RO          253    i.fputc             usart.o
    0x08003730   0x08003730   0x000000a4   Code   RO           15    i.main              main.o
    0x080037d4   0x080037d4   0x00000012   Data   RO         1651    .constdata          stm32f1xx_hal_rcc.o
    0x080037e6   0x080037e6   0x00000018   Data   RO         2845    .constdata          system_stm32f1xx.o
    0x080037fe   0x080037fe   0x00000004   Data   RO         3029    .constdata          c_w.l(sys_io.o)
    0x08003802   0x08003802   0x00000004   Data   RO         3030    .constdata          c_w.l(sys_io.o)
    0x08003806   0x08003806   0x00000004   Data   RO         3031    .constdata          c_w.l(sys_io.o)
    0x0800380a   0x0800380a   0x00000002   PAD
    0x0800380c   0x0800380c   0x00000020   Data   RO         3308    Region$$Table       anon$$obj.o


    Execution Region RW_IRAM1 (Exec base: 0x20000000, Load base: 0x0800382c, Size: 0x00000940, Max: 0x0000c000, ABSOLUTE)

    Exec Addr    Load Addr    Size         Type   Attr      Idx    E Section Name        Object

    0x20000000   0x0800382c   0x00000002   Data   RW           16    .data               main.o
    0x20000002   0x0800382e   0x00000002   PAD
    0x20000004   0x08003830   0x00000014   Data   RW          318    .data               stm32f1xx_it.o
    0x20000018   0x08003844   0x00000009   Data   RW         1487    .data               stm32f1xx_hal.o
    0x20000021   0x0800384d   0x00000003   PAD
    0x20000024   0x08003850   0x00000004   Data   RW         2846    .data               system_stm32f1xx.o
    0x20000028   0x08003854   0x00000004   Data   RW         3000    .data               c_w.l(stdio_streams.o)
    0x2000002c   0x08003858   0x00000004   Data   RW         3001    .data               c_w.l(stdio_streams.o)
    0x20000030   0x0800385c   0x00000004   Data   RW         3002    .data               c_w.l(stdio_streams.o)
    0x20000034        -       0x00000120   Zero   RW          190    .bss                tim.o
    0x20000154        -       0x00000090   Zero   RW          254    .bss                usart.o
    0x200001e4        -       0x00000054   Zero   RW         2997    .bss                c_w.l(stdio_streams.o)
    0x20000238        -       0x00000054   Zero   RW         2998    .bss                c_w.l(stdio_streams.o)
    0x2000028c        -       0x00000054   Zero   RW         2999    .bss                c_w.l(stdio_streams.o)
    0x200002e0        -       0x00000060   Zero   RW         3180    .bss                c_w.l(libspace.o)
    0x20000340        -       0x00000200   Zero   RW            2    HEAP                startup_stm32f103xe.o
    0x20000540        -       0x00000400   Zero   RW            1    STACK               startup_stm32f103xe.o


==============================================================================

Image component sizes


      Code (inc. data)   RO Data    RW Data    ZI Data      Debug   Object Name

       256         40          0          0          0       3652   control.o
       272         16          0          0          0        951   gpio.o
       272         32          0          2          0     488460   main.o
        64         26        304          0       1536        784   startup_stm32f103xe.o
       152         32          0          9          0       5697   stm32f1xx_hal.o
       304         22          0          0          0      29219   stm32f1xx_hal_cortex.o
       510         10          0          0          0       1807   stm32f1xx_hal_dma.o
       872         44          0          0          0       3183   stm32f1xx_hal_gpio.o
        84          8          0          0          0        842   stm32f1xx_hal_msp.o
      1748         98         18          0          0       5752   stm32f1xx_hal_rcc.o
      2834        130          0          0          0      16841   stm32f1xx_hal_tim.o
       160         22          0          0          0       2325   stm32f1xx_hal_tim_ex.o
      2062          8          0          0          0      11544   stm32f1xx_hal_uart.o
       354         62          0         20          0       7394   stm32f1xx_it.o
         2          0         24          4          0       1035   system_stm32f1xx.o
      1052         76          0          0        288       4467   tim.o
       396         42          0          0        144       2687   usart.o

    ----------------------------------------------------------------------
     11412        668        378         40       1968     586640   Object Totals
         0          0         32          0          0          0   (incl. Generated)
        18          0          0          5          0          0   (incl. Padding)

    ----------------------------------------------------------------------

      Code (inc. data)   RO Data    RW Data    ZI Data      Debug   Library Member Name

         8          0          0          0          0         68   __main.o
        40          0          0          0          0         84   __printf_nopercent.o
         0          0          0          0          0          0   __rtentry.o
        12          0          0          0          0          0   __rtentry2.o
         6          0          0          0          0          0   __rtentry4.o
        52          8          0          0          0          0   __scatter.o
        26          0          0          0          0          0   __scatter_copy.o
        28          0          0          0          0          0   __scatter_zi.o
        48          6          0          0          0         96   _printf_char_common.o
        36          4          0          0          0         80   _printf_char_file.o
        10          0          0          0          0         68   defsig_exit.o
        50          0          0          0          0         88   defsig_general.o
        80         58          0          0          0         76   defsig_rtmem_inner.o
        14          0          0          0          0         80   defsig_rtmem_outer.o
        52         38          0          0          0         76   defsig_rtred_inner.o
        14          0          0          0          0         80   defsig_rtred_outer.o
        18          0          0          0          0         80   exit.o
        76          0          0          0          0         88   fclose.o
         8          0          0          0          0         68   ferror.o
       236          4          0          0          0        128   fopen.o
       248          6          0          0          0         84   fseek.o
        66          0          0          0          0         76   ftell.o
        94          0          0          0          0         80   h1_alloc.o
        52          0          0          0          0         68   h1_extend.o
        78          0          0          0          0         80   h1_free.o
        14          0          0          0          0         84   h1_init.o
         6          0          0          0          0        152   heapauxi.o
         4          0          0          0          0        136   hguard.o
         0          0          0          0          0          0   indicate_semi.o
       138          0          0          0          0        168   init_alloc.o
       312         46          0          0          0        112   initio.o
         2          0          0          0          0          0   libinit.o
        14          0          0          0          0          0   libinit2.o
         2          0          0          0          0          0   libshutdown.o
         6          0          0          0          0          0   libshutdown2.o
         8          4          0          0         96         68   libspace.o
         0          0          0          0          0          0   maybetermalloc1.o
        24          4          0          0          0         84   noretval__2printf.o
         8          4          0          0          0         68   rt_errno_addr_intlibspace.o
         8          4          0          0          0         68   rt_heap_descriptor_intlibspace.o
        78          0          0          0          0         80   rt_memclr_w.o
         2          0          0          0          0          0   rtexit.o
        10          0          0          0          0          0   rtexit2.o
        70          0          0          0          0         80   setvbuf.o
       240          6          0          0          0        156   stdio.o
         0          0          0         12        252          0   stdio_streams.o
        62          0          0          0          0         76   strlen.o
        12          4          0          0          0         68   sys_exit.o
       102          0         12          0          0        240   sys_io.o
        74          0          0          0          0         80   sys_stackheap_outer.o
        14          0          0          0          0         76   sys_wrch.o
         2          0          0          0          0         68   use_no_semi.o

    ----------------------------------------------------------------------
      2576        196         14         12        348       3412   Library Totals
        12          0          2          0          0          0   (incl. Padding)

    ----------------------------------------------------------------------

      Code (inc. data)   RO Data    RW Data    ZI Data      Debug   Library Name

      2564        196         12         12        348       3412   c_w.l

    ----------------------------------------------------------------------
      2576        196         14         12        348       3412   Library Totals

    ----------------------------------------------------------------------

==============================================================================


      Code (inc. data)   RO Data    RW Data    ZI Data      Debug   

     13988        864        392         52       2316     583184   Grand Totals
     13988        864        392         52       2316     583184   ELF Image Totals
     13988        864        392         52          0          0   ROM Totals

==============================================================================

    Total RO  Size (Code + RO Data)                14380 (  14.04kB)
    Total RW  Size (RW Data + ZI Data)              2368 (   2.31kB)
    Total ROM Size (Code + RO Data + RW Data)      14432 (  14.09kB)

==============================================================================

